Component: ARM Compiler 5.06 update 5 (build 528) Tool: armlink [4d35e2]

==============================================================================

Section Cross References

    startup_stm32f103xb.o(STACK) refers (Special) to heapauxi.o(.text) for __use_two_region_memory
    startup_stm32f103xb.o(HEAP) refers (Special) to heapauxi.o(.text) for __use_two_region_memory
    startup_stm32f103xb.o(RESET) refers (Special) to heapauxi.o(.text) for __use_two_region_memory
    startup_stm32f103xb.o(RESET) refers to startup_stm32f103xb.o(STACK) for __initial_sp
    startup_stm32f103xb.o(RESET) refers to startup_stm32f103xb.o(.text) for Reset_Handler
    startup_stm32f103xb.o(RESET) refers to stm32f1xx_it.o(i.NMI_Handler) for NMI_Handler
    startup_stm32f103xb.o(RESET) refers to stm32f1xx_it.o(i.HardFault_Handler) for HardFault_Handler
    startup_stm32f103xb.o(RESET) refers to stm32f1xx_it.o(i.MemManage_Handler) for MemManage_Handler
    startup_stm32f103xb.o(RESET) refers to stm32f1xx_it.o(i.BusFault_Handler) for BusFault_Handler
    startup_stm32f103xb.o(RESET) refers to stm32f1xx_it.o(i.UsageFault_Handler) for UsageFault_Handler
    startup_stm32f103xb.o(RESET) refers to stm32f1xx_it.o(i.SVC_Handler) for SVC_Handler
    startup_stm32f103xb.o(RESET) refers to stm32f1xx_it.o(i.DebugMon_Handler) for DebugMon_Handler
    startup_stm32f103xb.o(RESET) refers to stm32f1xx_it.o(i.PendSV_Handler) for PendSV_Handler
    startup_stm32f103xb.o(RESET) refers to stm32f1xx_it.o(i.SysTick_Handler) for SysTick_Handler
    startup_stm32f103xb.o(.text) refers (Special) to heapauxi.o(.text) for __use_two_region_memory
    startup_stm32f103xb.o(.text) refers to system_stm32f1xx.o(i.SystemInit) for SystemInit
    startup_stm32f103xb.o(.text) refers to __main.o(!!!main) for __main
    startup_stm32f103xb.o(.text) refers to startup_stm32f103xb.o(HEAP) for Heap_Mem
    startup_stm32f103xb.o(.text) refers to startup_stm32f103xb.o(STACK) for Stack_Mem
    main.o(i.SystemClock_Config) refers to rt_memclr_w.o(.text) for __aeabi_memclr4
    main.o(i.SystemClock_Config) refers to stm32f1xx_hal_rcc.o(i.HAL_RCC_OscConfig) for HAL_RCC_OscConfig
    main.o(i.SystemClock_Config) refers to stm32f1xx_hal_rcc.o(i.HAL_RCC_ClockConfig) for HAL_RCC_ClockConfig
    main.o(i.main) refers to stm32f1xx_hal.o(i.HAL_Init) for HAL_Init
    main.o(i.main) refers to main.o(i.SystemClock_Config) for SystemClock_Config
    main.o(i.main) refers to gpio.o(i.MX_GPIO_Init) for MX_GPIO_Init
    main.o(i.main) refers to spi.o(i.MX_SPI1_Init) for MX_SPI1_Init
    main.o(i.main) refers to tim.o(i.MX_TIM2_Init) for MX_TIM2_Init
    main.o(i.main) refers to tim.o(i.MX_TIM3_Init) for MX_TIM3_Init
    main.o(i.main) refers to tim.o(i.MX_TIM4_Init) for MX_TIM4_Init
    main.o(i.main) refers to tim.o(i.MX_TIM1_Init) for MX_TIM1_Init
    main.o(i.main) refers to remote.o(i.Remote_Init) for Remote_Init
    main.o(i.main) refers to module_ctrl.o(i.Module_Init) for Module_Init
    main.o(i.main) refers to remote.o(i.Remote_Communi_Start) for Remote_Communi_Start
    main.o(i.main) refers to module_ctrl.o(i.Module_Start) for Module_Start
    main.o(i.main) refers to remote.o(.data) for Remote
    main.o(i.main) refers to module_ctrl.o(.data) for Module
    gpio.o(i.MX_GPIO_Init) refers to stm32f1xx_hal_gpio.o(i.HAL_GPIO_WritePin) for HAL_GPIO_WritePin
    gpio.o(i.MX_GPIO_Init) refers to stm32f1xx_hal_gpio.o(i.HAL_GPIO_Init) for HAL_GPIO_Init
    spi.o(i.HAL_SPI_MspDeInit) refers to stm32f1xx_hal_gpio.o(i.HAL_GPIO_DeInit) for HAL_GPIO_DeInit
    spi.o(i.HAL_SPI_MspInit) refers to stm32f1xx_hal_gpio.o(i.HAL_GPIO_Init) for HAL_GPIO_Init
    spi.o(i.MX_SPI1_Init) refers to stm32f1xx_hal_spi.o(i.HAL_SPI_Init) for HAL_SPI_Init
    spi.o(i.MX_SPI1_Init) refers to main.o(i.Error_Handler) for Error_Handler
    spi.o(i.MX_SPI1_Init) refers to spi.o(.bss) for .bss
    tim.o(i.HAL_TIM_MspPostInit) refers to stm32f1xx_hal_gpio.o(i.HAL_GPIO_Init) for HAL_GPIO_Init
    tim.o(i.MX_TIM1_Init) refers to stm32f1xx_hal_tim.o(i.HAL_TIM_Base_Init) for HAL_TIM_Base_Init
    tim.o(i.MX_TIM1_Init) refers to main.o(i.Error_Handler) for Error_Handler
    tim.o(i.MX_TIM1_Init) refers to stm32f1xx_hal_tim.o(i.HAL_TIM_ConfigClockSource) for HAL_TIM_ConfigClockSource
    tim.o(i.MX_TIM1_Init) refers to stm32f1xx_hal_tim_ex.o(i.HAL_TIMEx_MasterConfigSynchronization) for HAL_TIMEx_MasterConfigSynchronization
    tim.o(i.MX_TIM1_Init) refers to tim.o(.bss) for .bss
    tim.o(i.MX_TIM2_Init) refers to rt_memclr_w.o(.text) for __aeabi_memclr4
    tim.o(i.MX_TIM2_Init) refers to stm32f1xx_hal_tim.o(i.HAL_TIM_Base_Init) for HAL_TIM_Base_Init
    tim.o(i.MX_TIM2_Init) refers to main.o(i.Error_Handler) for Error_Handler
    tim.o(i.MX_TIM2_Init) refers to stm32f1xx_hal_tim.o(i.HAL_TIM_ConfigClockSource) for HAL_TIM_ConfigClockSource
    tim.o(i.MX_TIM2_Init) refers to stm32f1xx_hal_tim.o(i.HAL_TIM_PWM_Init) for HAL_TIM_PWM_Init
[...]
    Removing stm32f1xx_hal_tim_ex.o(i.HAL_TIMEx_CommutHalfCpltCallback), (2 bytes).
    Removing stm32f1xx_hal_tim_ex.o(i.HAL_TIMEx_ConfigBreakDeadTime), (84 bytes).
    Removing stm32f1xx_hal_tim_ex.o(i.HAL_TIMEx_ConfigCommutEvent), (112 bytes).
    Removing stm32f1xx_hal_tim_ex.o(i.HAL_TIMEx_ConfigCommutEvent_DMA), (144 bytes).
    Removing stm32f1xx_hal_tim_ex.o(i.HAL_TIMEx_ConfigCommutEvent_IT), (112 bytes).
    Removing stm32f1xx_hal_tim_ex.o(i.HAL_TIMEx_GetChannelNState), (34 bytes).
    Removing stm32f1xx_hal_tim_ex.o(i.HAL_TIMEx_HallSensor_DeInit), (76 bytes).
    Removing stm32f1xx_hal_tim_ex.o(i.HAL_TIMEx_HallSensor_GetState), (6 bytes).
    Removing stm32f1xx_hal_tim_ex.o(i.HAL_TIMEx_HallSensor_Init), (208 bytes).
    Removing stm32f1xx_hal_tim_ex.o(i.HAL_TIMEx_HallSensor_MspDeInit), (2 bytes).
    Removing stm32f1xx_hal_tim_ex.o(i.HAL_TIMEx_HallSensor_MspInit), (2 bytes).
    Removing stm32f1xx_hal_tim_ex.o(i.HAL_TIMEx_HallSensor_Start), (128 bytes).
    Removing stm32f1xx_hal_tim_ex.o(i.HAL_TIMEx_HallSensor_Start_DMA), (184 bytes).
    Removing stm32f1xx_hal_tim_ex.o(i.HAL_TIMEx_HallSensor_Start_IT), (140 bytes).
    Removing stm32f1xx_hal_tim_ex.o(i.HAL_TIMEx_HallSensor_Stop), (58 bytes).
    Removing stm32f1xx_hal_tim_ex.o(i.HAL_TIMEx_HallSensor_Stop_DMA), (70 bytes).
    Removing stm32f1xx_hal_tim_ex.o(i.HAL_TIMEx_HallSensor_Stop_IT), (68 bytes).
    Removing stm32f1xx_hal_tim_ex.o(i.HAL_TIMEx_OCN_Start), (152 bytes).
    Removing stm32f1xx_hal_tim_ex.o(i.HAL_TIMEx_OCN_Start_DMA), (352 bytes).
    Removing stm32f1xx_hal_tim_ex.o(i.HAL_TIMEx_OCN_Start_IT), (192 bytes).
    Removing stm32f1xx_hal_tim_ex.o(i.HAL_TIMEx_OCN_Stop), (104 bytes).
    Removing stm32f1xx_hal_tim_ex.o(i.HAL_TIMEx_OCN_Stop_DMA), (168 bytes).
    Removing stm32f1xx_hal_tim_ex.o(i.HAL_TIMEx_OCN_Stop_IT), (170 bytes).
    Removing stm32f1xx_hal_tim_ex.o(i.HAL_TIMEx_OnePulseN_Start), (100 bytes).
    Removing stm32f1xx_hal_tim_ex.o(i.HAL_TIMEx_OnePulseN_Start_IT), (120 bytes).
    Removing stm32f1xx_hal_tim_ex.o(i.HAL_TIMEx_OnePulseN_Stop), (98 bytes).
    Removing stm32f1xx_hal_tim_ex.o(i.HAL_TIMEx_OnePulseN_Stop_IT), (120 bytes).
    Removing stm32f1xx_hal_tim_ex.o(i.HAL_TIMEx_PWMN_Start), (152 bytes).
    Removing stm32f1xx_hal_tim_ex.o(i.HAL_TIMEx_PWMN_Start_DMA), (352 bytes).
    Removing stm32f1xx_hal_tim_ex.o(i.HAL_TIMEx_PWMN_Start_IT), (192 bytes).
    Removing stm32f1xx_hal_tim_ex.o(i.HAL_TIMEx_PWMN_Stop), (104 bytes).
    Removing stm32f1xx_hal_tim_ex.o(i.HAL_TIMEx_PWMN_Stop_DMA), (168 bytes).
    Removing stm32f1xx_hal_tim_ex.o(i.HAL_TIMEx_PWMN_Stop_IT), (170 bytes).
    Removing stm32f1xx_hal_tim_ex.o(i.HAL_TIMEx_RemapConfig), (4 bytes).
    Removing stm32f1xx_hal_tim_ex.o(i.TIMEx_DMACommutationCplt), (16 bytes).
    Removing stm32f1xx_hal_tim_ex.o(i.TIMEx_DMACommutationHalfCplt), (16 bytes).
    Removing stm32f1xx_hal_tim_ex.o(i.TIM_CCxNChannelCmd), (26 bytes).
    Removing stm32f1xx_hal_tim_ex.o(i.TIM_DMADelayPulseNCplt), (74 bytes).
    Removing stm32f1xx_hal_tim_ex.o(i.TIM_DMAErrorCCxN), (62 bytes).
    Removing system_stm32f1xx.o(.rev16_text), (4 bytes).
    Removing system_stm32f1xx.o(.revsh_text), (4 bytes).
    Removing system_stm32f1xx.o(.rrx_text), (6 bytes).
    Removing system_stm32f1xx.o(i.SystemCoreClockUpdate), (104 bytes).
    Removing system_stm32f1xx.o(.constdata), (8 bytes).
    Removing remote.o(.rev16_text), (4 bytes).
    Removing remote.o(.revsh_text), (4 bytes).
    Removing remote.o(.rrx_text), (6 bytes).
    Removing motor.o(.rev16_text), (4 bytes).
    Removing motor.o(.revsh_text), (4 bytes).
    Removing motor.o(.rrx_text), (6 bytes).
    Removing servo.o(.rev16_text), (4 bytes).
    Removing servo.o(.revsh_text), (4 bytes).
    Removing servo.o(.rrx_text), (6 bytes).
    Removing servo.o(i.Servo_FRONT_Start), (20 bytes).
    Removing mechanical_arm.o(.rev16_text), (4 bytes).
    Removing mechanical_arm.o(.revsh_text), (4 bytes).
    Removing mechanical_arm.o(.rrx_text), (6 bytes).
    Removing mechanical_arm.o(i.Arm_Deinit), (24 bytes).
    Removing chassis.o(.rev16_text), (4 bytes).
    Removing chassis.o(.revsh_text), (4 bytes).
    Removing chassis.o(.rrx_text), (6 bytes).
    Removing chassis.o(i.Chassis_Deinit), (36 bytes).
    Removing chassis.o(i.Chassis_StickCtrl_Mode_Set), (148 bytes).
    Removing module_ctrl.o(.rev16_text), (4 bytes).
    Removing module_ctrl.o(.revsh_text), (4 bytes).
    Removing module_ctrl.o(.rrx_text), (6 bytes).
    Removing module_ctrl.o(i.Module_Deinit), (80 bytes).

406 unused section(s) (total 26116 bytes) removed from the image.

==============================================================================

Image Symbol Table

    Local Symbols

    Symbol Name                              Value     Ov Type        Size  Object(Section)

    ../Core/Src/gpio.c                       0x00000000   Number         0  gpio.o ABSOLUTE
    ../Core/Src/main.c                       0x00000000   Number         0  main.o ABSOLUTE
    ../Core/Src/spi.c                        0x00000000   Number         0  spi.o ABSOLUTE
    ../Core/Src/stm32f1xx_hal_msp.c          0x00000000   Number         0  stm32f1xx_hal_msp.o ABSOLUTE
    ../Core/Src/stm32f1xx_it.c               0x00000000   Number         0  stm32f1xx_it.o ABSOLUTE
    ../Core/Src/system_stm32f1xx.c           0x00000000   Number         0  system_stm32f1xx.o ABSOLUTE
    ../Core/Src/tim.c                        0x00000000   Number         0  tim.o ABSOLUTE
    ../Drivers/STM32F1xx_HAL_Driver/Src/stm32f1xx_hal.c 0x00000000   Number         0  stm32f1xx_hal.o ABSOLUTE
    ../Drivers/STM32F1xx_HAL_Driver/Src/stm32f1xx_hal_cortex.c 0x00000000   Number         0  stm32f1xx_hal_cortex.o ABSOLUTE
    ../Drivers/STM32F1xx_HAL_Driver/Src/stm32f1xx_hal_dma.c 0x00000000   Number         0  stm32f1xx_hal_dma.o ABSOLUTE
    ../Drivers/STM32F1xx_HAL_Driver/Src/stm32f1xx_hal_exti.c 0x00000000   Number         0  stm32f1xx_hal_exti.o ABSOLUTE
    ../Drivers/STM32F1xx_HAL_Driver/Src/stm32f1xx_hal_flash.c 0x00000000   Number         0  stm32f1xx_hal_flash.o ABSOLUTE
    ../Drivers/STM32F1xx_HAL_Driver/Src/stm32f1xx_hal_flash_ex.c 0x00000000   Number         0  stm32f1xx_hal_flash_ex.o ABSOLUTE
    ../Drivers/STM32F1xx_HAL_Driver/Src/stm32f1xx_hal_gpio.c 0x00000000   Number         0  stm32f1xx_hal_gpio.o ABSOLUTE
    ../Drivers/STM32F1xx_HAL_Driver/Src/stm32f1xx_hal_gpio_ex.c 0x00000000   Number         0  stm32f1xx_hal_gpio_ex.o ABSOLUTE
    ../Drivers/STM32F1xx_HAL_Driver/Src/stm32f1xx_hal_pwr.c 0x00000000   Number         0  stm32f1xx_hal_pwr.o ABSOLUTE
    ../Drivers/STM32F1xx_HAL_Driver/Src/stm32f1xx_hal_rcc.c 0x00000000   Number         0  stm32f1xx_hal_rcc.o ABSOLUTE
    ../Drivers/STM32F1xx_HAL_Driver/Src/stm32f1xx_hal_rcc_ex.c 0x00000000   Number         0  stm32f1xx_hal_rcc_ex.o ABSOLUTE
    ../Drivers/STM32F1xx_HAL_Driver/Src/stm32f1xx_hal_spi.c 0x00000000   Number         0  stm32f1xx_hal_spi.o ABSOLUTE
    ../Drivers/STM32F1xx_HAL_Driver/Src/stm32f1xx_hal_tim.c 0x00000000   Number         0  stm32f1xx_hal_tim.o ABSOLUTE
    ../Drivers/STM32F1xx_HAL_Driver/Src/stm32f1xx_hal_tim_ex.c 0x00000000   Number         0  stm32f1xx_hal_tim_ex.o ABSOLUTE
    ../clib/angel/boardlib.s                 0x00000000   Number         0  boardshut.o ABSOLUTE
    ../clib/angel/boardlib.s                 0x00000000   Number         0  boardinit1.o ABSOLUTE
    ../clib/angel/boardlib.s                 0x00000000   Number         0  boardinit2.o ABSOLUTE
    ../clib/angel/boardlib.s                 0x00000000   Number         0  boardinit3.o ABSOLUTE
    ../clib/angel/handlers.s                 0x00000000   Number         0  __scatter_copy.o ABSOLUTE
    ../clib/angel/handlers.s                 0x00000000   Number         0  __scatter_zi.o ABSOLUTE
    ../clib/angel/kernel.s                   0x00000000   Number         0  rtexit.o ABSOLUTE
    ../clib/angel/kernel.s                   0x00000000   Number         0  __rtentry.o ABSOLUTE
    ../clib/angel/kernel.s                   0x00000000   Number         0  __rtentry4.o ABSOLUTE
    ../clib/angel/kernel.s                   0x00000000   Number         0  __rtentry2.o ABSOLUTE
    ../clib/angel/kernel.s                   0x00000000   Number         0  rtexit2.o ABSOLUTE
    ../clib/angel/rt.s                       0x00000000   Number         0  rt_heap_descriptor.o ABSOLUTE
    ../clib/angel/rt.s                       0x00000000   Number         0  rt_heap_descriptor_intlibspace.o ABSOLUTE
    ../clib/angel/rt.s                       0x00000000   Number         0  rt_raise.o ABSOLUTE
    ../clib/angel/scatter.s                  0x00000000   Number         0  __scatter.o ABSOLUTE
    ../clib/angel/startup.s                  0x00000000   Number         0  __main.o ABSOLUTE
    ../clib/angel/sys.s                      0x00000000   Number         0  indicate_semi.o ABSOLUTE
    ../clib/angel/sys.s                      0x00000000   Number         0  use_no_semi.o ABSOLUTE
    ../clib/angel/sys.s                      0x00000000   Number         0  libspace.o ABSOLUTE
    ../clib/angel/sys.s                      0x00000000   Number         0  mutex_dummy.o ABSOLUTE
    ../clib/angel/sys.s                      0x00000000   Number         0  sys_stackheap_outer.o ABSOLUTE
    ../clib/angel/sysapp.c                   0x00000000   Number         0  sys_command.o ABSOLUTE
    ../clib/angel/sysapp.c                   0x00000000   Number         0  sys_exit.o ABSOLUTE
    ../clib/angel/sysapp.c                   0x00000000   Number         0  sys_wrch.o ABSOLUTE
    ../clib/armsys.c                         0x00000000   Number         0  no_argv.o ABSOLUTE
    ../clib/armsys.c                         0x00000000   Number         0  argv_veneer.o ABSOLUTE
    ../clib/armsys.c                         0x00000000   Number         0  _get_argv.o ABSOLUTE
    ../clib/armsys.c                         0x00000000   Number         0  argv_veneer.o ABSOLUTE
    ../clib/armsys.c                         0x00000000   Number         0  _get_argv_nomalloc.o ABSOLUTE
    ../clib/heap1.c                          0x00000000   Number         0  h1_alloc_mt.o ABSOLUTE
    ../clib/heap1.c                          0x00000000   Number         0  h1_free.o ABSOLUTE
    ../clib/heap1.c                          0x00000000   Number         0  h1_extend.o ABSOLUTE
    ../clib/heap1.c                          0x00000000   Number         0  h1_extend_mt.o ABSOLUTE
    ../clib/heap1.c                          0x00000000   Number         0  h1_init_mt.o ABSOLUTE
    ../clib/heap1.c                          0x00000000   Number         0  h1_final.o ABSOLUTE
    ../clib/heap1.c                          0x00000000   Number         0  h1_alloc.o ABSOLUTE
    ../clib/heap1.c                          0x00000000   Number         0  h1_final_mt.o ABSOLUTE
    ../clib/heap1.c                          0x00000000   Number         0  h1_free_mt.o ABSOLUTE
    ../clib/heap1.c                          0x00000000   Number         0  h1_init.o ABSOLUTE
    ../clib/heap2.c                          0x00000000   Number         0  fdtree.o ABSOLUTE
    ../clib/heap2.c                          0x00000000   Number         0  heap2mt.o ABSOLUTE
    ../clib/heap2.c                          0x00000000   Number         0  heap2.o ABSOLUTE
    ../clib/heapalloc.c                      0x00000000   Number         0  hrguard.o ABSOLUTE
    ../clib/heapalloc.c                      0x00000000   Number         0  malloc.o ABSOLUTE
    ../clib/heapalloc.c                      0x00000000   Number         0  maybetermalloc2.o ABSOLUTE
    ../clib/heapalloc.c                      0x00000000   Number         0  free.o ABSOLUTE
    ../clib/heapalloc.c                      0x00000000   Number         0  maybetermalloc2.o ABSOLUTE
    ../clib/heapalloc.c                      0x00000000   Number         0  maybetermalloc1.o ABSOLUTE
    ../clib/heapalloc.c                      0x00000000   Number         0  term_alloc.o ABSOLUTE
    ../clib/heapalloc.c                      0x00000000   Number         0  maybetermalloc1.o ABSOLUTE
    ../clib/heapalloc.c                      0x00000000   Number         0  heapstubs.o ABSOLUTE
    ../clib/heapalloc.c                      0x00000000   Number         0  init_alloc.o ABSOLUTE
    ../clib/heapalloc.c                      0x00000000   Number         0  hguard.o ABSOLUTE
    ../clib/heapaux.c                        0x00000000   Number         0  heapauxi.o ABSOLUTE
    ../clib/heapaux.c                        0x00000000   Number         0  heapauxa.o ABSOLUTE
    ../clib/libinit.s                        0x00000000   Number         0  libshutdown.o ABSOLUTE
    ../clib/libinit.s                        0x00000000   Number         0  libinit.o ABSOLUTE
    ../clib/libinit.s                        0x00000000   Number         0  libshutdown2.o ABSOLUTE
    ../clib/libinit.s                        0x00000000   Number         0  libinit2.o ABSOLUTE
    ../clib/longlong.s                       0x00000000   Number         0  llushr.o ABSOLUTE
    ../clib/memcpset.s                       0x00000000   Number         0  rt_memcpy_w.o ABSOLUTE
    ../clib/memcpset.s                       0x00000000   Number         0  rt_memclr_w.o ABSOLUTE
    ../clib/signal.c                         0x00000000   Number         0  defsig_rtmem_outer.o ABSOLUTE
    ../clib/signal.c                         0x00000000   Number         0  defsig_rtmem_formal.o ABSOLUTE
    ../clib/signal.c                         0x00000000   Number         0  defsig_rtred_inner.o ABSOLUTE
    ../clib/signal.c                         0x00000000   Number         0  defsig_exit.o ABSOLUTE
    ../clib/signal.c                         0x00000000   Number         0  defsig_stak_inner.o ABSOLUTE
    ../clib/signal.c                         0x00000000   Number         0  defsig_rtmem_inner.o ABSOLUTE
    ../clib/signal.c                         0x00000000   Number         0  defsig_fpe_inner.o ABSOLUTE
    ../clib/signal.c                         0x00000000   Number         0  __raise.o ABSOLUTE
    ../clib/signal.c                         0x00000000   Number         0  defsig_segv_inner.o ABSOLUTE
    ../clib/signal.c                         0x00000000   Number         0  defsig_cppl_inner.o ABSOLUTE
    ../clib/signal.c                         0x00000000   Number         0  defsig_pvfn_inner.o ABSOLUTE
    ../clib/signal.c                         0x00000000   Number         0  defsig_general.o ABSOLUTE
    ../clib/signal.c                         0x00000000   Number         0  defsig_other.o ABSOLUTE
    ../clib/signal.c                         0x00000000   Number         0  defsig_abrt_inner.o ABSOLUTE
    ../clib/signal.s                         0x00000000   Number         0  defsig.o ABSOLUTE
    ../clib/stdlib.c                         0x00000000   Number         0  exit.o ABSOLUTE
    ../fplib/fpinit.s                        0x00000000   Number         0  fpinit.o ABSOLUTE
    ..\Application\DeviceLayer\Servo.c       0x00000000   Number         0  servo.o ABSOLUTE
    ..\Application\DeviceLayer\motor.c       0x00000000   Number         0  motor.o ABSOLUTE
    ..\Application\DeviceLayer\remote.c      0x00000000   Number         0  remote.o ABSOLUTE
    ..\Application\ModuleLayer\chassis.c     0x00000000   Number         0  chassis.o ABSOLUTE
    ..\Application\ModuleLayer\mechanical_arm.c 0x00000000   Number         0  mechanical_arm.o ABSOLUTE
    ..\Application\TaskLayer\module_ctrl.c   0x00000000   Number         0  module_ctrl.o ABSOLUTE
    ..\Core\Src\gpio.c                       0x00000000   Number         0  gpio.o ABSOLUTE
    ..\Core\Src\main.c                       0x00000000   Number         0  main.o ABSOLUTE
    ..\Core\Src\spi.c                        0x00000000   Number         0  spi.o ABSOLUTE
    ..\Core\Src\stm32f1xx_hal_msp.c          0x00000000   Number         0  stm32f1xx_hal_msp.o ABSOLUTE
    ..\Core\Src\stm32f1xx_it.c               0x00000000   Number         0  stm32f1xx_it.o ABSOLUTE
    ..\Core\Src\system_stm32f1xx.c           0x00000000   Number         0  system_stm32f1xx.o ABSOLUTE
    ..\Core\Src\tim.c                        0x00000000   Number         0  tim.o ABSOLUTE
    ..\Drivers\STM32F1xx_HAL_Driver\Src\stm32f1xx_hal.c 0x00000000   Number         0  stm32f1xx_hal.o ABSOLUTE
    ..\Drivers\STM32F1xx_HAL_Driver\Src\stm32f1xx_hal_cortex.c 0x00000000   Number         0  stm32f1xx_hal_cortex.o ABSOLUTE
    ..\Drivers\STM32F1xx_HAL_Driver\Src\stm32f1xx_hal_dma.c 0x00000000   Number         0  stm32f1xx_hal_dma.o ABSOLUTE
    ..\Drivers\STM32F1xx_HAL_Driver\Src\stm32f1xx_hal_exti.c 0x00000000   Number         0  stm32f1xx_hal_exti.o ABSOLUTE
    ..\Drivers\STM32F1xx_HAL_Driver\Src\stm32f1xx_hal_flash.c 0x00000000   Number         0  stm32f1xx_hal_flash.o ABSOLUTE
    ..\Drivers\STM32F1xx_HAL_Driver\Src\stm32f1xx_hal_flash_ex.c 0x00000000   Number         0  stm32f1xx_hal_flash_ex.o ABSOLUTE
    ..\Drivers\STM32F1xx_HAL_Driver\Src\stm32f1xx_hal_gpio.c 0x00000000   Number         0  stm32f1xx_hal_gpio.o ABSOLUTE
    ..\Drivers\STM32F1xx_HAL_Driver\Src\stm32f1xx_hal_gpio_ex.c 0x00000000   Number         0  stm32f1xx_hal_gpio_ex.o ABSOLUTE
    ..\Drivers\STM32F1xx_HAL_Driver\Src\stm32f1xx_hal_pwr.c 0x00000000   Number         0  stm32f1xx_hal_pwr.o ABSOLUTE
    ..\Drivers\STM32F1xx_HAL_Driver\Src\stm32f1xx_hal_rcc.c 0x00000000   Number         0  stm32f1xx_hal_rcc.o ABSOLUTE
    ..\Drivers\STM32F1xx_HAL_Driver\Src\stm32f1xx_hal_rcc_ex.c 0x00000000   Number         0  stm32f1xx_hal_rcc_ex.o ABSOLUTE
    ..\Drivers\STM32F1xx_HAL_Driver\Src\stm32f1xx_hal_spi.c 0x00000000   Number         0  stm32f1xx_hal_spi.o ABSOLUTE
    ..\Drivers\STM32F1xx_HAL_Driver\Src\stm32f1xx_hal_tim.c 0x00000000   Number         0  stm32f1xx_hal_tim.o ABSOLUTE
    ..\Drivers\STM32F1xx_HAL_Driver\Src\stm32f1xx_hal_tim_ex.c 0x00000000   Number         0  stm32f1xx_hal_tim_ex.o ABSOLUTE
    ..\\Application\\DeviceLayer\\Servo.c    0x00000000   Number         0  servo.o ABSOLUTE
    ..\\Application\\DeviceLayer\\motor.c    0x00000000   Number         0  motor.o ABSOLUTE
    ..\\Application\\DeviceLayer\\remote.c   0x00000000   Number         0  remote.o ABSOLUTE
    ..\\Application\\ModuleLayer\\chassis.c  0x00000000   Number         0  chassis.o ABSOLUTE
    ..\\Application\\ModuleLayer\\mechanical_arm.c 0x00000000   Number         0  mechanical_arm.o ABSOLUTE
    ..\\Application\\TaskLayer\\module_ctrl.c 0x00000000   Number         0  module_ctrl.o ABSOLUTE
    dc.s                                     0x00000000   Number         0  dc.o ABSOLUTE
    startup_stm32f103xb.s                    0x00000000   Number         0  startup_stm32f103xb.o ABSOLUTE
    RESET                                    0x08000000   Section      236  startup_stm32f103xb.o(RESET)
    !!!main                                  0x080000ec   Section        8  __main.o(!!!main)
    !!!scatter                               0x080000f4   Section       52  __scatter.o(!!!scatter)
    !!handler_copy                           0x08000128   Section       26  __scatter_copy.o(!!handler_copy)
    !!handler_zi                             0x08000144   Section       28  __scatter_zi.o(!!handler_zi)
    .ARM.Collect$$libinit$$00000000          0x08000160   Section        2  libinit.o(.ARM.Collect$$libinit$$00000000)
    .ARM.Collect$$libinit$$00000002          0x08000162   Section        0  libinit2.o(.ARM.Collect$$libinit$$00000002)
    .ARM.Collect$$libinit$$00000004          0x08000162   Section        0  libinit2.o(.ARM.Collect$$libinit$$00000004)
    .ARM.Collect$$libinit$$00000005          0x08000162   Section        8  libinit2.o(.ARM.Collect$$libinit$$00000005)
    .ARM.Collect$$libinit$$0000000A          0x0800016a   Section        0  libinit2.o(.ARM.Collect$$libinit$$0000000A)
    .ARM.Collect$$libinit$$0000000C          0x0800016a   Section        0  libinit2.o(.ARM.Collect$$libinit$$0000000C)
    .ARM.Collect$$libinit$$0000000E          0x0800016a   Section        0  libinit2.o(.ARM.Collect$$libinit$$0000000E)
    .ARM.Collect$$libinit$$00000011          0x0800016a   Section        0  libinit2.o(.ARM.Collect$$libinit$$00000011)
    .ARM.Collect$$libinit$$00000013          0x0800016a   Section        0  libinit2.o(.ARM.Collect$$libinit$$00000013)
    .ARM.Collect$$libinit$$00000015          0x0800016a   Section        0  libinit2.o(.ARM.Collect$$libinit$$00000015)
    .ARM.Collect$$libinit$$00000017          0x0800016a   Section        0  libinit2.o(.ARM.Collect$$libinit$$00000017)
    .ARM.Collect$$libinit$$00000019          0x0800016a   Section        0  libinit2.o(.ARM.Collect$$libinit$$00000019)
    .ARM.Collect$$libinit$$0000001B          0x0800016a   Section        0  libinit2.o(.ARM.Collect$$libinit$$0000001B)
    .ARM.Collect$$libinit$$0000001D          0x0800016a   Section        0  libinit2.o(.ARM.Collect$$libinit$$0000001D)
    .ARM.Collect$$libinit$$0000001F          0x0800016a   Section        0  libinit2.o(.ARM.Collect$$libinit$$0000001F)
    .ARM.Collect$$libinit$$00000021          0x0800016a   Section        0  libinit2.o(.ARM.Collect$$libinit$$00000021)
    .ARM.Collect$$libinit$$00000023          0x0800016a   Section        0  libinit2.o(.ARM.Collect$$libinit$$00000023)
    .ARM.Collect$$libinit$$00000025          0x0800016a   Section        0  libinit2.o(.ARM.Collect$$libinit$$00000025)
    .ARM.Collect$$libinit$$0000002C          0x0800016a   Section        0  libinit2.o(.ARM.Collect$$libinit$$0000002C)
    .ARM.Collect$$libinit$$0000002E          0x0800016a   Section        0  libinit2.o(.ARM.Collect$$libinit$$0000002E)
    .ARM.Collect$$libinit$$00000030          0x0800016a   Section        0  libinit2.o(.ARM.Collect$$libinit$$00000030)
    .ARM.Collect$$libinit$$00000032          0x0800016a   Section        0  libinit2.o(.ARM.Collect$$libinit$$00000032)
    .ARM.Collect$$libinit$$00000033          0x0800016a   Section        2  libinit2.o(.ARM.Collect$$libinit$$00000033)
    .ARM.Collect$$libshutdown$$00000000      0x0800016c   Section        2  libshutdown.o(.ARM.Collect$$libshutdown$$00000000)
    .ARM.Collect$$libshutdown$$00000002      0x0800016e   Section        0  libshutdown2.o(.ARM.Collect$$libshutdown$$00000002)
    .ARM.Collect$$libshutdown$$00000004      0x0800016e   Section        0  libshutdown2.o(.ARM.Collect$$libshutdown$$00000004)
    .ARM.Collect$$libshutdown$$00000007      0x0800016e   Section        0  libshutdown2.o(.ARM.Collect$$libshutdown$$00000007)
    .ARM.Collect$$libshutdown$$0000000A      0x0800016e   Section        0  libshutdown2.o(.ARM.Collect$$libshutdown$$0000000A)
    .ARM.Collect$$libshutdown$$0000000C      0x0800016e   Section        0  libshutdown2.o(.ARM.Collect$$libshutdown$$0000000C)
    .ARM.Collect$$libshutdown$$0000000F      0x0800016e   Section        0  libshutdown2.o(.ARM.Collect$$libshutdown$$0000000F)
    .ARM.Collect$$libshutdown$$00000010      0x0800016e   Section        2  libshutdown2.o(.ARM.Collect$$libshutdown$$00000010)
    .ARM.Collect$$rtentry$$00000000          0x08000170   Section        0  __rtentry.o(.ARM.Collect$$rtentry$$00000000)
    .ARM.Collect$$rtentry$$00000002          0x08000170   Section        0  __rtentry2.o(.ARM.Collect$$rtentry$$00000002)
    .ARM.Collect$$rtentry$$00000004          0x08000170   Section        6  __rtentry4.o(.ARM.Collect$$rtentry$$00000004)
    .ARM.Collect$$rtentry$$00000009          0x08000176   Section        0  __rtentry2.o(.ARM.Collect$$rtentry$$00000009)
    .ARM.Collect$$rtentry$$0000000A          0x08000176   Section        4  __rtentry2.o(.ARM.Collect$$rtentry$$0000000A)
    .ARM.Collect$$rtentry$$0000000C          0x0800017a   Section        0  __rtentry2.o(.ARM.Collect$$rtentry$$0000000C)
    .ARM.Collect$$rtentry$$0000000D          0x0800017a   Section        8  __rtentry2.o(.ARM.Collect$$rtentry$$0000000D)
    .ARM.Collect$$rtexit$$00000000           0x08000182   Section        2  rtexit.o(.ARM.Collect$$rtexit$$00000000)
    .ARM.Collect$$rtexit$$00000002           0x08000184   Section        0  rtexit2.o(.ARM.Collect$$rtexit$$00000002)
    .ARM.Collect$$rtexit$$00000003           0x08000184   Section        4  rtexit2.o(.ARM.Collect$$rtexit$$00000003)
    .ARM.Collect$$rtexit$$00000004           0x08000188   Section        6  rtexit2.o(.ARM.Collect$$rtexit$$00000004)
    .emb_text                                0x08000190   Section        0  maybetermalloc1.o(.emb_text)
    .text                                    0x08000190   Section       64  startup_stm32f103xb.o(.text)
    .text                                    0x080001d0   Section        0  h1_alloc.o(.text)
    .text                                    0x0800022e   Section        0  h1_free.o(.text)
    .text                                    0x0800027c   Section       78  rt_memclr_w.o(.text)
    .text                                    0x080002ca   Section        0  heapauxi.o(.text)
    .text                                    0x080002d0   Section        8  rt_heap_descriptor_intlibspace.o(.text)
    .text                                    0x080002d8   Section        0  hguard.o(.text)
    .text                                    0x080002dc   Section        0  init_alloc.o(.text)
    .text                                    0x08000366   Section        0  h1_init.o(.text)
    .text                                    0x08000374   Section        8  libspace.o(.text)
    .text                                    0x0800037c   Section        0  h1_extend.o(.text)
    .text                                    0x080003b0   Section        0  defsig_rtmem_outer.o(.text)
    .text                                    0x080003be   Section        2  use_no_semi.o(.text)
    .text                                    0x080003c0   Section       74  sys_stackheap_outer.o(.text)
    .text                                    0x080003c0   Section        0  indicate_semi.o(.text)
    .text                                    0x0800040a   Section        0  exit.o(.text)
    .text                                    0x0800041c   Section        0  defsig_exit.o(.text)
    .text                                    0x08000428   Section        0  defsig_rtmem_inner.o(.text)
    .text                                    0x08000478   Section        0  sys_exit.o(.text)
    .text                                    0x08000484   Section        0  defsig_general.o(.text)
    .text                                    0x080004b6   Section        0  sys_wrch.o(.text)
    i.Arm_FrontServo_Set                     0x080004c4   Section        0  mechanical_arm.o(i.Arm_FrontServo_Set)
    i.Arm_Init                               0x08000522   Section        0  mechanical_arm.o(i.Arm_Init)
    i.Arm_LeftServo_Set                      0x08000546   Section        0  mechanical_arm.o(i.Arm_LeftServo_Set)
    i.Arm_RedMode_Ctrl_Set                   0x080005a4   Section        0  mechanical_arm.o(i.Arm_RedMode_Ctrl_Set)
    i.Arm_RedMode_Ctrl_Start                 0x080005d2   Section        0  mechanical_arm.o(i.Arm_RedMode_Ctrl_Start)
    i.Arm_RightServo_Set                     0x080005e8   Section        0  mechanical_arm.o(i.Arm_RightServo_Set)
    i.BusFault_Handler                       0x08000646   Section        0  stm32f1xx_it.o(i.BusFault_Handler)
    i.Chassis_Init                           0x08000648   Section        0  chassis.o(i.Chassis_Init)
    i.Chassis_RedMode_Ctrl_Set               0x08000660   Section        0  chassis.o(i.Chassis_RedMode_Ctrl_Set)
    i.Chassis_RedMode_Ctrl_Start             0x08000752   Section        0  chassis.o(i.Chassis_RedMode_Ctrl_Start)
    i.DebugMon_Handler                       0x0800077e   Section        0  stm32f1xx_it.o(i.DebugMon_Handler)
    i.Delay_us                               0x08000780   Section        0  remote.o(i.Delay_us)
    i.Error_Handler                          0x080007bc   Section        0  main.o(i.Error_Handler)
    i.HAL_GPIO_Init                          0x080007c0   Section        0  stm32f1xx_hal_gpio.o(i.HAL_GPIO_Init)
    i.HAL_GPIO_WritePin                      0x080009a0   Section        0  stm32f1xx_hal_gpio.o(i.HAL_GPIO_WritePin)
    i.HAL_GetTick                            0x080009ac   Section        0  stm32f1xx_hal.o(i.HAL_GetTick)
    i.HAL_IncTick                            0x080009b8   Section        0  stm32f1xx_hal.o(i.HAL_IncTick)
    i.HAL_Init                               0x080009c8   Section        0  stm32f1xx_hal.o(i.HAL_Init)
    i.HAL_InitTick                           0x080009ec   Section        0  stm32f1xx_hal.o(i.HAL_InitTick)
    i.HAL_MspInit                            0x08000a2c   Section        0  stm32f1xx_hal_msp.o(i.HAL_MspInit)
    i.HAL_NVIC_SetPriority                   0x08000a68   Section        0  stm32f1xx_hal_cortex.o(i.HAL_NVIC_SetPriority)
    i.HAL_NVIC_SetPriorityGrouping           0x08000aa8   Section        0  stm32f1xx_hal_cortex.o(i.HAL_NVIC_SetPriorityGrouping)
    i.HAL_RCC_ClockConfig                    0x08000acc   Section        0  stm32f1xx_hal_rcc.o(i.HAL_RCC_ClockConfig)
    i.HAL_RCC_GetSysClockFreq                0x08000bf8   Section        0  stm32f1xx_hal_rcc.o(i.HAL_RCC_GetSysClockFreq)
    i.HAL_RCC_OscConfig                      0x08000c44   Section        0  stm32f1xx_hal_rcc.o(i.HAL_RCC_OscConfig)
    i.HAL_SPI_Init                           0x08000f64   Section        0  stm32f1xx_hal_spi.o(i.HAL_SPI_Init)
    i.HAL_SPI_MspInit                        0x08001018   Section        0  spi.o(i.HAL_SPI_MspInit)
    i.HAL_SPI_TransmitReceive                0x08001088   Section        0  stm32f1xx_hal_spi.o(i.HAL_SPI_TransmitReceive)
    i.HAL_SYSTICK_Config                     0x08001278   Section        0  stm32f1xx_hal_cortex.o(i.HAL_SYSTICK_Config)
    i.HAL_TIMEx_MasterConfigSynchronization  0x080012a0   Section        0  stm32f1xx_hal_tim_ex.o(i.HAL_TIMEx_MasterConfigSynchronization)
    i.HAL_TIM_Base_Init                      0x08001308   Section        0  stm32f1xx_hal_tim.o(i.HAL_TIM_Base_Init)
    i.HAL_TIM_Base_MspInit                   0x08001364   Section        0  tim.o(i.HAL_TIM_Base_MspInit)
    i.HAL_TIM_ConfigClockSource              0x080013d4   Section        0  stm32f1xx_hal_tim.o(i.HAL_TIM_ConfigClockSource)
    i.HAL_TIM_MspPostInit                    0x080014b0   Section        0  tim.o(i.HAL_TIM_MspPostInit)
    i.HAL_TIM_PWM_ConfigChannel              0x08001564   Section        0  stm32f1xx_hal_tim.o(i.HAL_TIM_PWM_ConfigChannel)
    i.HAL_TIM_PWM_Init                       0x08001630   Section        0  stm32f1xx_hal_tim.o(i.HAL_TIM_PWM_Init)
    i.HAL_TIM_PWM_MspInit                    0x0800168a   Section        0  stm32f1xx_hal_tim.o(i.HAL_TIM_PWM_MspInit)
    i.HAL_TIM_PWM_Start                      0x0800168c   Section        0  stm32f1xx_hal_tim.o(i.HAL_TIM_PWM_Start)
    i.HAL_TIM_PWM_Stop                       0x08001728   Section        0  stm32f1xx_hal_tim.o(i.HAL_TIM_PWM_Stop)
    i.HardFault_Handler                      0x08001798   Section        0  stm32f1xx_it.o(i.HardFault_Handler)
    i.MX_GPIO_Init                           0x0800179c   Section        0  gpio.o(i.MX_GPIO_Init)
    i.MX_SPI1_Init                           0x08001808   Section        0  spi.o(i.MX_SPI1_Init)
    i.MX_TIM1_Init                           0x08001850   Section        0  tim.o(i.MX_TIM1_Init)
    i.MX_TIM2_Init                           0x080018b8   Section        0  tim.o(i.MX_TIM2_Init)
    i.MX_TIM3_Init                           0x08001980   Section        0  tim.o(i.MX_TIM3_Init)
    i.MX_TIM4_Init                           0x08001a4c   Section        0  tim.o(i.MX_TIM4_Init)
    i.MemManage_Handler                      0x08001b18   Section        0  stm32f1xx_it.o(i.MemManage_Handler)
    i.Module_Init                            0x08001b1c   Section        0  module_ctrl.o(i.Module_Init)
    i.Module_Start                           0x08001b84   Section        0  module_ctrl.o(i.Module_Start)
    i.Motor_Init                             0x08001bac   Section        0  motor.o(i.Motor_Init)
    i.Motor_Rev_Backward_Set                 0x08001bc4   Section        0  motor.o(i.Motor_Rev_Backward_Set)
    i.Motor_Rev_Backward_Start               0x08001c04   Section        0  motor.o(i.Motor_Rev_Backward_Start)
    i.Motor_Rev_Backward_Stop                0x08001c34   Section        0  motor.o(i.Motor_Rev_Backward_Stop)
    i.Motor_Rev_Forward_Set                  0x08001c98   Section        0  motor.o(i.Motor_Rev_Forward_Set)
    i.Motor_Rev_Forward_Start                0x08001cd8   Section        0  motor.o(i.Motor_Rev_Forward_Start)
    i.Motor_Rev_Forward_Stop                 0x08001d08   Section        0  motor.o(i.Motor_Rev_Forward_Stop)
    i.Motor_Rev_Zero_Set                     0x08001d6c   Section        0  motor.o(i.Motor_Rev_Zero_Set)
    i.NMI_Handler                            0x08001da8   Section        0  stm32f1xx_it.o(i.NMI_Handler)
    i.PendSV_Handler                         0x08001daa   Section        0  stm32f1xx_it.o(i.PendSV_Handler)
    i.RemoteJoystick_Info_Init               0x08001dac   Section        0  remote.o(i.RemoteJoystick_Info_Init)
    i.RemoteKey_Info_Init                    0x08001dc4   Section        0  remote.o(i.RemoteKey_Info_Init)
    i.Remote_Communi_Start                   0x08001e40   Section        0  remote.o(i.Remote_Communi_Start)
    i.Remote_Info_Init                       0x08001eec   Section        0  remote.o(i.Remote_Info_Init)
    i.Remote_Init                            0x08001f00   Section        0  remote.o(i.Remote_Init)
    i.SPI_EndRxTxTransaction                 0x08001f0c   Section        0  stm32f1xx_hal_spi.o(i.SPI_EndRxTxTransaction)
    SPI_EndRxTxTransaction                   0x08001f0d   Thumb Code    52  stm32f1xx_hal_spi.o(i.SPI_EndRxTxTransaction)
    i.SPI_WaitFlagStateUntilTimeout          0x08001f40   Section        0  stm32f1xx_hal_spi.o(i.SPI_WaitFlagStateUntilTimeout)
    SPI_WaitFlagStateUntilTimeout            0x08001f41   Thumb Code   180  stm32f1xx_hal_spi.o(i.SPI_WaitFlagStateUntilTimeout)
    i.SVC_Handler                            0x08001ff8   Section        0  stm32f1xx_it.o(i.SVC_Handler)
    i.Servo_BOTTOM_Degr_Set                  0x08001ffc   Section        0  servo.o(i.Servo_BOTTOM_Degr_Set)
    i.Servo_BOTTOM_Start                     0x08002008   Section        0  servo.o(i.Servo_BOTTOM_Start)
    i.Servo_FRONT_Degr_Set                   0x0800201c   Section        0  servo.o(i.Servo_FRONT_Degr_Set)
    i.Servo_Init                             0x08002028   Section        0  servo.o(i.Servo_Init)
    i.Servo_LEFT_Degr_Set                    0x0800204c   Section        0  servo.o(i.Servo_LEFT_Degr_Set)
    i.Servo_LEFT_Start                       0x08002058   Section        0  servo.o(i.Servo_LEFT_Start)
    i.Servo_RIGHT_Degr_Set                   0x0800206c   Section        0  servo.o(i.Servo_RIGHT_Degr_Set)
    i.Servo_RIGHT_Start                      0x08002078   Section        0  servo.o(i.Servo_RIGHT_Start)
    i.SysTick_Handler                        0x0800208c   Section        0  stm32f1xx_it.o(i.SysTick_Handler)
    i.SystemClock_Config                     0x08002090   Section        0  main.o(i.SystemClock_Config)
    i.SystemInit                             0x080020ee   Section        0  system_stm32f1xx.o(i.SystemInit)
    i.TIM_Base_SetConfig                     0x080020f0   Section        0  stm32f1xx_hal_tim.o(i.TIM_Base_SetConfig)
    i.TIM_CCxChannelCmd                      0x08002168   Section        0  stm32f1xx_hal_tim.o(i.TIM_CCxChannelCmd)
    i.TIM_ETR_SetConfig                      0x08002182   Section        0  stm32f1xx_hal_tim.o(i.TIM_ETR_SetConfig)
    i.TIM_ITRx_SetConfig                     0x08002196   Section        0  stm32f1xx_hal_tim.o(i.TIM_ITRx_SetConfig)
    TIM_ITRx_SetConfig                       0x08002197   Thumb Code    16  stm32f1xx_hal_tim.o(i.TIM_ITRx_SetConfig)
    i.TIM_OC1_SetConfig                      0x080021a8   Section        0  stm32f1xx_hal_tim.o(i.TIM_OC1_SetConfig)
    TIM_OC1_SetConfig                        0x080021a9   Thumb Code    74  stm32f1xx_hal_tim.o(i.TIM_OC1_SetConfig)
    i.TIM_OC2_SetConfig                      0x080021f8   Section        0  stm32f1xx_hal_tim.o(i.TIM_OC2_SetConfig)
    i.TIM_OC3_SetConfig                      0x08002250   Section        0  stm32f1xx_hal_tim.o(i.TIM_OC3_SetConfig)
    TIM_OC3_SetConfig                        0x08002251   Thumb Code    82  stm32f1xx_hal_tim.o(i.TIM_OC3_SetConfig)
    i.TIM_OC4_SetConfig                      0x080022a8   Section        0  stm32f1xx_hal_tim.o(i.TIM_OC4_SetConfig)
    TIM_OC4_SetConfig                        0x080022a9   Thumb Code    64  stm32f1xx_hal_tim.o(i.TIM_OC4_SetConfig)
    i.TIM_TI1_ConfigInputStage               0x080022ec   Section        0  stm32f1xx_hal_tim.o(i.TIM_TI1_ConfigInputStage)
    TIM_TI1_ConfigInputStage                 0x080022ed   Thumb Code    34  stm32f1xx_hal_tim.o(i.TIM_TI1_ConfigInputStage)
    i.TIM_TI2_ConfigInputStage               0x0800230e   Section        0  stm32f1xx_hal_tim.o(i.TIM_TI2_ConfigInputStage)
    TIM_TI2_ConfigInputStage                 0x0800230f   Thumb Code    36  stm32f1xx_hal_tim.o(i.TIM_TI2_ConfigInputStage)
    i.UsageFault_Handler                     0x08002332   Section        0  stm32f1xx_it.o(i.UsageFault_Handler)
    i.__NVIC_SetPriority                     0x08002334   Section        0  stm32f1xx_hal_cortex.o(i.__NVIC_SetPriority)
    __NVIC_SetPriority                       0x08002335   Thumb Code    32  stm32f1xx_hal_cortex.o(i.__NVIC_SetPriority)
    i.main                                   0x08002354   Section        0  main.o(i.main)
    .constdata                               0x08002398   Section       18  stm32f1xx_hal_rcc.o(.constdata)
    aPredivFactorTable                       0x08002398   Data           2  stm32f1xx_hal_rcc.o(.constdata)
    aPLLMULFactorTable                       0x0800239a   Data          16  stm32f1xx_hal_rcc.o(.constdata)
    .constdata                               0x080023aa   Section       16  system_stm32f1xx.o(.constdata)
    .data                                    0x20000000   Section       12  stm32f1xx_hal.o(.data)
    .data                                    0x2000000c   Section        4  system_stm32f1xx.o(.data)
    .data                                    0x20000010   Section       12  remote.o(.data)
    remote                                   0x20000014   Data           4  remote.o(.data)
    .data                                    0x2000001c   Section        4  remote.o(.data)
    joystick_info                            0x2000001c   Data           4  remote.o(.data)
    .data                                    0x20000020   Section       17  remote.o(.data)
    key_info                                 0x20000020   Data          17  remote.o(.data)
    .data                                    0x20000034   Section        8  remote.o(.data)
    remote_info                              0x20000034   Data           8  remote.o(.data)
    .data                                    0x2000003c   Section        4  module_ctrl.o(.data)
    .bss                                     0x20000040   Section       88  spi.o(.bss)
    .bss                                     0x20000098   Section      288  tim.o(.bss)
    .bss                                     0x200001b8   Section        9  remote.o(.bss)
    .bss                                     0x200001c4   Section       96  libspace.o(.bss)
    HEAP                                     0x20000228   Section      512  startup_stm32f103xb.o(HEAP)
    Heap_Mem                                 0x20000228   Data         512  startup_stm32f103xb.o(HEAP)
    STACK                                    0x20000428   Section     1024  startup_stm32f103xb.o(STACK)
    Stack_Mem                                0x20000428   Data        1024  startup_stm32f103xb.o(STACK)
    __initial_sp                             0x20000828   Data           0  startup_stm32f103xb.o(STACK)

    Global Symbols

    Symbol Name                              Value     Ov Type        Size  Object(Section)

    BuildAttributes$$THM_ISAv4$P$D$K$B$S$PE$A:L22UL41UL21$X:L11$S22US41US21$IEEE1$IW$USESV6$~STKCKD$USESV7$~SHL$OTIME$ROPI$EBA8$UX$STANDARDLIB$REQ8$PRES8$EABIv2 0x00000000   Number         0  anon$$obj.o ABSOLUTE
    __ARM_use_no_argv                        0x00000000   Number         0  main.o ABSOLUTE
    __ARM_exceptions_init                     - Undefined Weak Reference
    __alloca_initialize                       - Undefined Weak Reference
    __arm_preinit_                            - Undefined Weak Reference
    __cpp_initialize__aeabi_                  - Undefined Weak Reference
    __cxa_finalize                            - Undefined Weak Reference
    __rt_locale                               - Undefined Weak Reference
    __sigvec_lookup                           - Undefined Weak Reference
    __user_heap_extent                        - Undefined Weak Reference
    _atexit_init                              - Undefined Weak Reference
    _call_atexit_fns                          - Undefined Weak Reference
    _clock_init                               - Undefined Weak Reference
    _fp_trap_init                             - Undefined Weak Reference
    _fp_trap_shutdown                         - Undefined Weak Reference
    _get_lc_collate                           - Undefined Weak Reference
    _get_lc_ctype                             - Undefined Weak Reference
    _get_lc_monetary                          - Undefined Weak Reference
    _get_lc_numeric                           - Undefined Weak Reference
    _get_lc_time                              - Undefined Weak Reference
    _getenv_init                              - Undefined Weak Reference
    _handle_redirection                       - Undefined Weak Reference
    _initio                                   - Undefined Weak Reference
    _mutex_acquire                            - Undefined Weak Reference
    _mutex_free                               - Undefined Weak Reference
    _mutex_release                            - Undefined Weak Reference
    _rand_init                                - Undefined Weak Reference
    _signal_finish                            - Undefined Weak Reference
    _signal_init                              - Undefined Weak Reference
    _terminateio                              - Undefined Weak Reference
    __Vectors_Size                           0x000000ec   Number         0  startup_stm32f103xb.o ABSOLUTE
    __Vectors                                0x08000000   Data           4  startup_stm32f103xb.o(RESET)
    __Vectors_End                            0x080000ec   Data           0  startup_stm32f103xb.o(RESET)
    __main                                   0x080000ed   Thumb Code     8  __main.o(!!!main)
    __scatterload                            0x080000f5   Thumb Code     0  __scatter.o(!!!scatter)
    __scatterload_rt2                        0x080000f5   Thumb Code    44  __scatter.o(!!!scatter)
    __scatterload_rt2_thumb_only             0x080000f5   Thumb Code     0  __scatter.o(!!!scatter)
    __scatterload_null                       0x08000103   Thumb Code     0  __scatter.o(!!!scatter)
    __scatterload_copy                       0x08000129   Thumb Code    26  __scatter_copy.o(!!handler_copy)
    __scatterload_zeroinit                   0x08000145   Thumb Code    28  __scatter_zi.o(!!handler_zi)
    __rt_lib_init                            0x08000161   Thumb Code     0  libinit.o(.ARM.Collect$$libinit$$00000000)
    __rt_lib_init_fp_1                       0x08000163   Thumb Code     0  libinit2.o(.ARM.Collect$$libinit$$00000002)
    __rt_lib_init_heap_2                     0x08000163   Thumb Code     0  libinit2.o(.ARM.Collect$$libinit$$00000005)
    __rt_lib_init_preinit_1                  0x08000163   Thumb Code     0  libinit2.o(.ARM.Collect$$libinit$$00000004)
    __rt_lib_init_alloca_1                   0x0800016b   Thumb Code     0  libinit2.o(.ARM.Collect$$libinit$$0000002E)
    __rt_lib_init_argv_1                     0x0800016b   Thumb Code     0  libinit2.o(.ARM.Collect$$libinit$$0000002C)
    __rt_lib_init_atexit_1                   0x0800016b   Thumb Code     0  libinit2.o(.ARM.Collect$$libinit$$0000001B)
    __rt_lib_init_clock_1                    0x0800016b   Thumb Code     0  libinit2.o(.ARM.Collect$$libinit$$00000021)
    __rt_lib_init_cpp_1                      0x0800016b   Thumb Code     0  libinit2.o(.ARM.Collect$$libinit$$00000032)
    __rt_lib_init_exceptions_1               0x0800016b   Thumb Code     0  libinit2.o(.ARM.Collect$$libinit$$00000030)
    __rt_lib_init_fp_trap_1                  0x0800016b   Thumb Code     0  libinit2.o(.ARM.Collect$$libinit$$0000001F)
    __rt_lib_init_getenv_1                   0x0800016b   Thumb Code     0  libinit2.o(.ARM.Collect$$libinit$$00000023)
    __rt_lib_init_heap_1                     0x0800016b   Thumb Code     0  libinit2.o(.ARM.Collect$$libinit$$0000000A)
    __rt_lib_init_lc_collate_1               0x0800016b   Thumb Code     0  libinit2.o(.ARM.Collect$$libinit$$00000011)
    __rt_lib_init_lc_ctype_1                 0x0800016b   Thumb Code     0  libinit2.o(.ARM.Collect$$libinit$$00000013)
    __rt_lib_init_lc_monetary_1              0x0800016b   Thumb Code     0  libinit2.o(.ARM.Collect$$libinit$$00000015)
    __rt_lib_init_lc_numeric_1               0x0800016b   Thumb Code     0  libinit2.o(.ARM.Collect$$libinit$$00000017)
    __rt_lib_init_lc_time_1                  0x0800016b   Thumb Code     0  libinit2.o(.ARM.Collect$$libinit$$00000019)
    __rt_lib_init_rand_1                     0x0800016b   Thumb Code     0  libinit2.o(.ARM.Collect$$libinit$$0000000E)
    __rt_lib_init_return                     0x0800016b   Thumb Code     0  libinit2.o(.ARM.Collect$$libinit$$00000033)
    __rt_lib_init_signal_1                   0x0800016b   Thumb Code     0  libinit2.o(.ARM.Collect$$libinit$$0000001D)
    __rt_lib_init_stdio_1                    0x0800016b   Thumb Code     0  libinit2.o(.ARM.Collect$$libinit$$00000025)
    __rt_lib_init_user_alloc_1               0x0800016b   Thumb Code     0  libinit2.o(.ARM.Collect$$libinit$$0000000C)
    __rt_lib_shutdown                        0x0800016d   Thumb Code     0  libshutdown.o(.ARM.Collect$$libshutdown$$00000000)
    __rt_lib_shutdown_cpp_1                  0x0800016f   Thumb Code     0  libshutdown2.o(.ARM.Collect$$libshutdown$$00000002)
    __rt_lib_shutdown_fp_trap_1              0x0800016f   Thumb Code     0  libshutdown2.o(.ARM.Collect$$libshutdown$$00000007)
    __rt_lib_shutdown_heap_1                 0x0800016f   Thumb Code     0  libshutdown2.o(.ARM.Collect$$libshutdown$$0000000F)
    __rt_lib_shutdown_return                 0x0800016f   Thumb Code     0  libshutdown2.o(.ARM.Collect$$libshutdown$$00000010)
    __rt_lib_shutdown_signal_1               0x0800016f   Thumb Code     0  libshutdown2.o(.ARM.Collect$$libshutdown$$0000000A)
    __rt_lib_shutdown_stdio_1                0x0800016f   Thumb Code     0  libshutdown2.o(.ARM.Collect$$libshutdown$$00000004)
    __rt_lib_shutdown_user_alloc_1           0x0800016f   Thumb Code     0  libshutdown2.o(.ARM.Collect$$libshutdown$$0000000C)
    __rt_entry                               0x08000171   Thumb Code     0  __rtentry.o(.ARM.Collect$$rtentry$$00000000)
    __rt_entry_presh_1                       0x08000171   Thumb Code     0  __rtentry2.o(.ARM.Collect$$rtentry$$00000002)
    __rt_entry_sh                            0x08000171   Thumb Code     0  __rtentry4.o(.ARM.Collect$$rtentry$$00000004)
    __rt_entry_li                            0x08000177   Thumb Code     0  __rtentry2.o(.ARM.Collect$$rtentry$$0000000A)
    __rt_entry_postsh_1                      0x08000177   Thumb Code     0  __rtentry2.o(.ARM.Collect$$rtentry$$00000009)
    __rt_entry_main                          0x0800017b   Thumb Code     0  __rtentry2.o(.ARM.Collect$$rtentry$$0000000D)
    __rt_entry_postli_1                      0x0800017b   Thumb Code     0  __rtentry2.o(.ARM.Collect$$rtentry$$0000000C)
    __rt_exit                                0x08000183   Thumb Code     0  rtexit.o(.ARM.Collect$$rtexit$$00000000)
    __rt_exit_ls                             0x08000185   Thumb Code     0  rtexit2.o(.ARM.Collect$$rtexit$$00000003)
    __rt_exit_prels_1                        0x08000185   Thumb Code     0  rtexit2.o(.ARM.Collect$$rtexit$$00000002)
    __rt_exit_exit                           0x08000189   Thumb Code     0  rtexit2.o(.ARM.Collect$$rtexit$$00000004)
    Reset_Handler                            0x08000191   Thumb Code     8  startup_stm32f103xb.o(.text)
    _maybe_terminate_alloc                   0x08000191   Thumb Code     0  maybetermalloc1.o(.emb_text)
    ADC1_2_IRQHandler                        0x080001ab   Thumb Code     0  startup_stm32f103xb.o(.text)
    CAN1_RX1_IRQHandler                      0x080001ab   Thumb Code     0  startup_stm32f103xb.o(.text)
    CAN1_SCE_IRQHandler                      0x080001ab   Thumb Code     0  startup_stm32f103xb.o(.text)
    DMA1_Channel1_IRQHandler                 0x080001ab   Thumb Code     0  startup_stm32f103xb.o(.text)
    DMA1_Channel2_IRQHandler                 0x080001ab   Thumb Code     0  startup_stm32f103xb.o(.text)
    DMA1_Channel3_IRQHandler                 0x080001ab   Thumb Code     0  startup_stm32f103xb.o(.text)
    DMA1_Channel4_IRQHandler                 0x080001ab   Thumb Code     0  startup_stm32f103xb.o(.text)
    DMA1_Channel5_IRQHandler                 0x080001ab   Thumb Code     0  startup_stm32f103xb.o(.text)
    DMA1_Channel6_IRQHandler                 0x080001ab   Thumb Code     0  startup_stm32f103xb.o(.text)
    DMA1_Channel7_IRQHandler                 0x080001ab   Thumb Code     0  startup_stm32f103xb.o(.text)
    EXTI0_IRQHandler                         0x080001ab   Thumb Code     0  startup_stm32f103xb.o(.text)
    EXTI15_10_IRQHandler                     0x080001ab   Thumb Code     0  startup_stm32f103xb.o(.text)
    EXTI1_IRQHandler                         0x080001ab   Thumb Code     0  startup_stm32f103xb.o(.text)
    EXTI2_IRQHandler                         0x080001ab   Thumb Code     0  startup_stm32f103xb.o(.text)
    EXTI3_IRQHandler                         0x080001ab   Thumb Code     0  startup_stm32f103xb.o(.text)
    EXTI4_IRQHandler                         0x080001ab   Thumb Code     0  startup_stm32f103xb.o(.text)
    EXTI9_5_IRQHandler                       0x080001ab   Thumb Code     0  startup_stm32f103xb.o(.text)
    FLASH_IRQHandler                         0x080001ab   Thumb Code     0  startup_stm32f103xb.o(.text)
    I2C1_ER_IRQHandler                       0x080001ab   Thumb Code     0  startup_stm32f103xb.o(.text)
    I2C1_EV_IRQHandler                       0x080001ab   Thumb Code     0  startup_stm32f103xb.o(.text)
    I2C2_ER_IRQHandler                       0x080001ab   Thumb Code     0  startup_stm32f103xb.o(.text)
    I2C2_EV_IRQHandler                       0x080001ab   Thumb Code     0  startup_stm32f103xb.o(.text)
    PVD_IRQHandler                           0x080001ab   Thumb Code     0  startup_stm32f103xb.o(.text)
    RCC_IRQHandler                           0x080001ab   Thumb Code     0  startup_stm32f103xb.o(.text)
    RTC_Alarm_IRQHandler                     0x080001ab   Thumb Code     0  startup_stm32f103xb.o(.text)
    RTC_IRQHandler                           0x080001ab   Thumb Code     0  startup_stm32f103xb.o(.text)
    SPI1_IRQHandler                          0x080001ab   Thumb Code     0  startup_stm32f103xb.o(.text)
    SPI2_IRQHandler                          0x080001ab   Thumb Code     0  startup_stm32f103xb.o(.text)
    TAMPER_IRQHandler                        0x080001ab   Thumb Code     0  startup_stm32f103xb.o(.text)
    TIM1_BRK_IRQHandler                      0x080001ab   Thumb Code     0  startup_stm32f103xb.o(.text)
    TIM1_CC_IRQHandler                       0x080001ab   Thumb Code     0  startup_stm32f103xb.o(.text)
    TIM1_TRG_COM_IRQHandler                  0x080001ab   Thumb Code     0  startup_stm32f103xb.o(.text)
    TIM1_UP_IRQHandler                       0x080001ab   Thumb Code     0  startup_stm32f103xb.o(.text)
    TIM2_IRQHandler                          0x080001ab   Thumb Code     0  startup_stm32f103xb.o(.text)
    TIM3_IRQHandler                          0x080001ab   Thumb Code     0  startup_stm32f103xb.o(.text)
    TIM4_IRQHandler                          0x080001ab   Thumb Code     0  startup_stm32f103xb.o(.text)
    USART1_IRQHandler                        0x080001ab   Thumb Code     0  startup_stm32f103xb.o(.text)
    USART2_IRQHandler                        0x080001ab   Thumb Code     0  startup_stm32f103xb.o(.text)
    USART3_IRQHandler                        0x080001ab   Thumb Code     0  startup_stm32f103xb.o(.text)
    USBWakeUp_IRQHandler                     0x080001ab   Thumb Code     0  startup_stm32f103xb.o(.text)
    USB_HP_CAN1_TX_IRQHandler                0x080001ab   Thumb Code     0  startup_stm32f103xb.o(.text)
    USB_LP_CAN1_RX0_IRQHandler               0x080001ab   Thumb Code     0  startup_stm32f103xb.o(.text)
    WWDG_IRQHandler                          0x080001ab   Thumb Code     0  startup_stm32f103xb.o(.text)
    __user_initial_stackheap                 0x080001ad   Thumb Code     0  startup_stm32f103xb.o(.text)
    malloc                                   0x080001d1   Thumb Code    94  h1_alloc.o(.text)
    free                                     0x0800022f   Thumb Code    78  h1_free.o(.text)
    __aeabi_memclr4                          0x0800027d   Thumb Code     0  rt_memclr_w.o(.text)
    __aeabi_memclr8                          0x0800027d   Thumb Code     0  rt_memclr_w.o(.text)
    __rt_memclr_w                            0x0800027d   Thumb Code    78  rt_memclr_w.o(.text)
    _memset_w                                0x08000281   Thumb Code     0  rt_memclr_w.o(.text)
    __use_two_region_memory                  0x080002cb   Thumb Code     2  heapauxi.o(.text)
    __rt_heap_escrow                         0x080002cd   Thumb Code     2  heapauxi.o(.text)
    __rt_heap_expand                         0x080002cf   Thumb Code     2  heapauxi.o(.text)
    __rt_heap_descriptor                     0x080002d1   Thumb Code     8  rt_heap_descriptor_intlibspace.o(.text)
    __use_no_heap                            0x080002d9   Thumb Code     2  hguard.o(.text)
    __heap$guard                             0x080002db   Thumb Code     2  hguard.o(.text)
    _terminate_user_alloc                    0x080002dd   Thumb Code     2  init_alloc.o(.text)
    _init_user_alloc                         0x080002df   Thumb Code     2  init_alloc.o(.text)
    __Heap_Full                              0x080002e1   Thumb Code    34  init_alloc.o(.text)
    __Heap_Broken                            0x08000303   Thumb Code     6  init_alloc.o(.text)
    _init_alloc                              0x08000309   Thumb Code    94  init_alloc.o(.text)
    __Heap_Initialize                        0x08000367   Thumb Code    10  h1_init.o(.text)
    __Heap_DescSize                          0x08000371   Thumb Code     4  h1_init.o(.text)
    __user_libspace                          0x08000375   Thumb Code     8  libspace.o(.text)
    __user_perproc_libspace                  0x08000375   Thumb Code     0  libspace.o(.text)
    __user_perthread_libspace                0x08000375   Thumb Code     0  libspace.o(.text)
    __Heap_ProvideMemory                     0x0800037d   Thumb Code    52  h1_extend.o(.text)
    __rt_SIGRTMEM                            0x080003b1   Thumb Code    14  defsig_rtmem_outer.o(.text)
    __I$use$semihosting                      0x080003bf   Thumb Code     0  use_no_semi.o(.text)
    __use_no_semihosting_swi                 0x080003bf   Thumb Code     2  use_no_semi.o(.text)
    __semihosting_library_function           0x080003c1   Thumb Code     0  indicate_semi.o(.text)
    __user_setup_stackheap                   0x080003c1   Thumb Code    74  sys_stackheap_outer.o(.text)
    exit                                     0x0800040b   Thumb Code    18  exit.o(.text)
    __sig_exit                               0x0800041d   Thumb Code    10  defsig_exit.o(.text)
    __rt_SIGRTMEM_inner                      0x08000429   Thumb Code    22  defsig_rtmem_inner.o(.text)
    _sys_exit                                0x08000479   Thumb Code     8  sys_exit.o(.text)
    __default_signal_display                 0x08000485   Thumb Code    50  defsig_general.o(.text)
    _ttywrch                                 0x080004b7   Thumb Code    14  sys_wrch.o(.text)
    Arm_FrontServo_Set                       0x080004c5   Thumb Code    94  mechanical_arm.o(i.Arm_FrontServo_Set)
    Arm_Init                                 0x08000523   Thumb Code    36  mechanical_arm.o(i.Arm_Init)
    Arm_LeftServo_Set                        0x08000547   Thumb Code    94  mechanical_arm.o(i.Arm_LeftServo_Set)
    Arm_RedMode_Ctrl_Set                     0x080005a5   Thumb Code    46  mechanical_arm.o(i.Arm_RedMode_Ctrl_Set)
    Arm_RedMode_Ctrl_Start                   0x080005d3   Thumb Code    22  mechanical_arm.o(i.Arm_RedMode_Ctrl_Start)
    Arm_RightServo_Set                       0x080005e9   Thumb Code    94  mechanical_arm.o(i.Arm_RightServo_Set)
    BusFault_Handler                         0x08000647   Thumb Code     2  stm32f1xx_it.o(i.BusFault_Handler)
    Chassis_Init                             0x08000649   Thumb Code    24  chassis.o(i.Chassis_Init)
    Chassis_RedMode_Ctrl_Set                 0x08000661   Thumb Code   242  chassis.o(i.Chassis_RedMode_Ctrl_Set)
    Chassis_RedMode_Ctrl_Start               0x08000753   Thumb Code    44  chassis.o(i.Chassis_RedMode_Ctrl_Start)
    DebugMon_Handler                         0x0800077f   Thumb Code     2  stm32f1xx_it.o(i.DebugMon_Handler)
    Delay_us                                 0x08000781   Thumb Code    54  remote.o(i.Delay_us)
    Error_Handler                            0x080007bd   Thumb Code     4  main.o(i.Error_Handler)
    HAL_GPIO_Init                            0x080007c1   Thumb Code   446  stm32f1xx_hal_gpio.o(i.HAL_GPIO_Init)
    HAL_GPIO_WritePin                        0x080009a1   Thumb Code    10  stm32f1xx_hal_gpio.o(i.HAL_GPIO_WritePin)
    HAL_GetTick                              0x080009ad   Thumb Code     6  stm32f1xx_hal.o(i.HAL_GetTick)
    HAL_IncTick                              0x080009b9   Thumb Code    12  stm32f1xx_hal.o(i.HAL_IncTick)
    HAL_Init                                 0x080009c9   Thumb Code    32  stm32f1xx_hal.o(i.HAL_Init)
    HAL_InitTick                             0x080009ed   Thumb Code    54  stm32f1xx_hal.o(i.HAL_InitTick)
    HAL_MspInit                              0x08000a2d   Thumb Code    52  stm32f1xx_hal_msp.o(i.HAL_MspInit)
    HAL_NVIC_SetPriority                     0x08000a69   Thumb Code    60  stm32f1xx_hal_cortex.o(i.HAL_NVIC_SetPriority)
    HAL_NVIC_SetPriorityGrouping             0x08000aa9   Thumb Code    26  stm32f1xx_hal_cortex.o(i.HAL_NVIC_SetPriorityGrouping)
    HAL_RCC_ClockConfig                      0x08000acd   Thumb Code   280  stm32f1xx_hal_rcc.o(i.HAL_RCC_ClockConfig)
    HAL_RCC_GetSysClockFreq                  0x08000bf9   Thumb Code    58  stm32f1xx_hal_rcc.o(i.HAL_RCC_GetSysClockFreq)
    HAL_RCC_OscConfig                        0x08000c45   Thumb Code   778  stm32f1xx_hal_rcc.o(i.HAL_RCC_OscConfig)
    HAL_SPI_Init                             0x08000f65   Thumb Code   178  stm32f1xx_hal_spi.o(i.HAL_SPI_Init)
    HAL_SPI_MspInit                          0x08001019   Thumb Code    98  spi.o(i.HAL_SPI_MspInit)
    HAL_SPI_TransmitReceive                  0x08001089   Thumb Code   496  stm32f1xx_hal_spi.o(i.HAL_SPI_TransmitReceive)
    HAL_SYSTICK_Config                       0x08001279   Thumb Code    40  stm32f1xx_hal_cortex.o(i.HAL_SYSTICK_Config)
    HAL_TIMEx_MasterConfigSynchronization    0x080012a1   Thumb Code    92  stm32f1xx_hal_tim_ex.o(i.HAL_TIMEx_MasterConfigSynchronization)
    HAL_TIM_Base_Init                        0x08001309   Thumb Code    90  stm32f1xx_hal_tim.o(i.HAL_TIM_Base_Init)
    HAL_TIM_Base_MspInit                     0x08001365   Thumb Code    96  tim.o(i.HAL_TIM_Base_MspInit)
    HAL_TIM_ConfigClockSource                0x080013d5   Thumb Code   220  stm32f1xx_hal_tim.o(i.HAL_TIM_ConfigClockSource)
    HAL_TIM_MspPostInit                      0x080014b1   Thumb Code   156  tim.o(i.HAL_TIM_MspPostInit)
    HAL_TIM_PWM_ConfigChannel                0x08001565   Thumb Code   204  stm32f1xx_hal_tim.o(i.HAL_TIM_PWM_ConfigChannel)
    HAL_TIM_PWM_Init                         0x08001631   Thumb Code    90  stm32f1xx_hal_tim.o(i.HAL_TIM_PWM_Init)
    HAL_TIM_PWM_MspInit                      0x0800168b   Thumb Code     2  stm32f1xx_hal_tim.o(i.HAL_TIM_PWM_MspInit)
    HAL_TIM_PWM_Start                        0x0800168d   Thumb Code   144  stm32f1xx_hal_tim.o(i.HAL_TIM_PWM_Start)
    HAL_TIM_PWM_Stop                         0x08001729   Thumb Code   108  stm32f1xx_hal_tim.o(i.HAL_TIM_PWM_Stop)
    HardFault_Handler                        0x08001799   Thumb Code     2  stm32f1xx_it.o(i.HardFault_Handler)
    MX_GPIO_Init                             0x0800179d   Thumb Code    98  gpio.o(i.MX_GPIO_Init)
    MX_SPI1_Init                             0x08001809   Thumb Code    64  spi.o(i.MX_SPI1_Init)
    MX_TIM1_Init                             0x08001851   Thumb Code    96  tim.o(i.MX_TIM1_Init)
    MX_TIM2_Init                             0x080018b9   Thumb Code   196  tim.o(i.MX_TIM2_Init)
    MX_TIM3_Init                             0x08001981   Thumb Code   194  tim.o(i.MX_TIM3_Init)
    MX_TIM4_Init                             0x08001a4d   Thumb Code   194  tim.o(i.MX_TIM4_Init)
    MemManage_Handler                        0x08001b19   Thumb Code     2  stm32f1xx_it.o(i.MemManage_Handler)
    Module_Init                              0x08001b1d   Thumb Code    98  module_ctrl.o(i.Module_Init)
    Module_Start                             0x08001b85   Thumb Code    40  module_ctrl.o(i.Module_Start)
    Motor_Init                               0x08001bad   Thumb Code    24  motor.o(i.Motor_Init)
    Motor_Rev_Backward_Set                   0x08001bc5   Thumb Code    56  motor.o(i.Motor_Rev_Backward_Set)
    Motor_Rev_Backward_Start                 0x08001c05   Thumb Code    38  motor.o(i.Motor_Rev_Backward_Start)
    Motor_Rev_Backward_Stop                  0x08001c35   Thumb Code    82  motor.o(i.Motor_Rev_Backward_Stop)
    Motor_Rev_Forward_Set                    0x08001c99   Thumb Code    56  motor.o(i.Motor_Rev_Forward_Set)
    Motor_Rev_Forward_Start                  0x08001cd9   Thumb Code    38  motor.o(i.Motor_Rev_Forward_Start)
    Motor_Rev_Forward_Stop                   0x08001d09   Thumb Code    82  motor.o(i.Motor_Rev_Forward_Stop)
    Motor_Rev_Zero_Set                       0x08001d6d   Thumb Code    52  motor.o(i.Motor_Rev_Zero_Set)
    NMI_Handler                              0x08001da9   Thumb Code     2  stm32f1xx_it.o(i.NMI_Handler)
    PendSV_Handler                           0x08001dab   Thumb Code     2  stm32f1xx_it.o(i.PendSV_Handler)
    RemoteJoystick_Info_Init                 0x08001dad   Thumb Code    20  remote.o(i.RemoteJoystick_Info_Init)
    RemoteKey_Info_Init                      0x08001dc5   Thumb Code   118  remote.o(i.RemoteKey_Info_Init)
    Remote_Communi_Start                     0x08001e41   Thumb Code   156  remote.o(i.Remote_Communi_Start)
    Remote_Info_Init                         0x08001eed   Thumb Code    20  remote.o(i.Remote_Info_Init)
    Remote_Init                              0x08001f01   Thumb Code     8  remote.o(i.Remote_Init)
    SVC_Handler                              0x08001ff9   Thumb Code     2  stm32f1xx_it.o(i.SVC_Handler)
    Servo_BOTTOM_Degr_Set                    0x08001ffd   Thumb Code     8  servo.o(i.Servo_BOTTOM_Degr_Set)
    Servo_BOTTOM_Start                       0x08002009   Thumb Code    14  servo.o(i.Servo_BOTTOM_Start)
    Servo_FRONT_Degr_Set                     0x0800201d   Thumb Code     8  servo.o(i.Servo_FRONT_Degr_Set)
    Servo_Init                               0x08002029   Thumb Code    36  servo.o(i.Servo_Init)
    Servo_LEFT_Degr_Set                      0x0800204d   Thumb Code     8  servo.o(i.Servo_LEFT_Degr_Set)
    Servo_LEFT_Start                         0x08002059   Thumb Code    14  servo.o(i.Servo_LEFT_Start)
    Servo_RIGHT_Degr_Set                     0x0800206d   Thumb Code     8  servo.o(i.Servo_RIGHT_Degr_Set)
    Servo_RIGHT_Start                        0x08002079   Thumb Code    14  servo.o(i.Servo_RIGHT_Start)
    SysTick_Handler                          0x0800208d   Thumb Code     4  stm32f1xx_it.o(i.SysTick_Handler)
    SystemClock_Config                       0x08002091   Thumb Code    94  main.o(i.SystemClock_Config)
    SystemInit                               0x080020ef   Thumb Code     2  system_stm32f1xx.o(i.SystemInit)
    TIM_Base_SetConfig                       0x080020f1   Thumb Code   108  stm32f1xx_hal_tim.o(i.TIM_Base_SetConfig)
    TIM_CCxChannelCmd                        0x08002169   Thumb Code    26  stm32f1xx_hal_tim.o(i.TIM_CCxChannelCmd)
    TIM_ETR_SetConfig                        0x08002183   Thumb Code    20  stm32f1xx_hal_tim.o(i.TIM_ETR_SetConfig)
    TIM_OC2_SetConfig                        0x080021f9   Thumb Code    84  stm32f1xx_hal_tim.o(i.TIM_OC2_SetConfig)
    UsageFault_Handler                       0x08002333   Thumb Code     2  stm32f1xx_it.o(i.UsageFault_Handler)
    main                                     0x08002355   Thumb Code    60  main.o(i.main)
    AHBPrescTable                            0x080023aa   Data          16  system_stm32f1xx.o(.constdata)
    Region$$Table$$Base                      0x080023bc   Number         0  anon$$obj.o(Region$$Table)
    Region$$Table$$Limit                     0x080023dc   Number         0  anon$$obj.o(Region$$Table)
    uwTickFreq                               0x20000000   Data           1  stm32f1xx_hal.o(.data)
    uwTickPrio                               0x20000004   Data           4  stm32f1xx_hal.o(.data)
    uwTick                                   0x20000008   Data           4  stm32f1xx_hal.o(.data)
    SystemCoreClock                          0x2000000c   Data           4  system_stm32f1xx.o(.data)
    remote_cmd                               0x20000010   Data           3  remote.o(.data)
    Remote                                   0x20000018   Data           4  remote.o(.data)
    Module                                   0x2000003c   Data           4  module_ctrl.o(.data)
    hspi1                                    0x20000040   Data          88  spi.o(.bss)
    htim1                                    0x20000098   Data          72  tim.o(.bss)
    htim2                                    0x200000e0   Data          72  tim.o(.bss)
    htim3                                    0x20000128   Data          72  tim.o(.bss)
    htim4                                    0x20000170   Data          72  tim.o(.bss)
    Rx_Data                                  0x200001b8   Data           9  remote.o(.bss)
    __libspace_start                         0x200001c4   Data          96  libspace.o(.bss)
    __temporary_stack_top$libspace           0x20000224   Data           0  libspace.o(.bss)



==============================================================================

Memory Map of the image

  Image Entry point : 0x080000ed

  Load Region LR_IROM1 (Base: 0x08000000, Size: 0x0000241c, Max: 0x00010000, ABSOLUTE)

    Execution Region ER_IROM1 (Exec base: 0x08000000, Load base: 0x08000000, Size: 0x000023dc, Max: 0x00010000, ABSOLUTE)

    Exec Addr    Load Addr    Size         Type   Attr      Idx    E Section Name        Object

    0x08000000   0x08000000   0x000000ec   Data   RO            3    RESET               startup_stm32f103xb.o
    0x080000ec   0x080000ec   0x00000008   Code   RO         3262  * !!!main             c_w.l(__main.o)
    0x080000f4   0x080000f4   0x00000034   Code   RO         3465    !!!scatter          c_w.l(__scatter.o)
    0x08000128   0x08000128   0x0000001a   Code   RO         3467    !!handler_copy      c_w.l(__scatter_copy.o)
    0x08000142   0x08000142   0x00000002   PAD
    0x08000144   0x08000144   0x0000001c   Code   RO         3469    !!handler_zi        c_w.l(__scatter_zi.o)
    0x08000160   0x08000160   0x00000002   Code   RO         3404    .ARM.Collect$$libinit$$00000000  c_w.l(libinit.o)
    0x08000162   0x08000162   0x00000000   Code   RO         3297    .ARM.Collect$$libinit$$00000002  c_w.l(libinit2.o)
    0x08000162   0x08000162   0x00000000   Code   RO         3299    .ARM.Collect$$libinit$$00000004  c_w.l(libinit2.o)
    0x08000162   0x08000162   0x00000008   Code   RO         3300    .ARM.Collect$$libinit$$00000005  c_w.l(libinit2.o)
    0x0800016a   0x0800016a   0x00000000   Code   RO         3302    .ARM.Collect$$libinit$$0000000A  c_w.l(libinit2.o)
    0x0800016a   0x0800016a   0x00000000   Code   RO         3304    .ARM.Collect$$libinit$$0000000C  c_w.l(libinit2.o)
    0x0800016a   0x0800016a   0x00000000   Code   RO         3306    .ARM.Collect$$libinit$$0000000E  c_w.l(libinit2.o)
    0x0800016a   0x0800016a   0x00000000   Code   RO         3309    .ARM.Collect$$libinit$$00000011  c_w.l(libinit2.o)
    0x0800016a   0x0800016a   0x00000000   Code   RO         3311    .ARM.Collect$$libinit$$00000013  c_w.l(libinit2.o)
    0x0800016a   0x0800016a   0x00000000   Code   RO         3313    .ARM.Collect$$libinit$$00000015  c_w.l(libinit2.o)
    0x0800016a   0x0800016a   0x00000000   Code   RO         3315    .ARM.Collect$$libinit$$00000017  c_w.l(libinit2.o)
    0x0800016a   0x0800016a   0x00000000   Code   RO         3317    .ARM.Collect$$libinit$$00000019  c_w.l(libinit2.o)
    0x0800016a   0x0800016a   0x00000000   Code   RO         3319    .ARM.Collect$$libinit$$0000001B  c_w.l(libinit2.o)
    0x0800016a   0x0800016a   0x00000000   Code   RO         3321    .ARM.Collect$$libinit$$0000001D  c_w.l(libinit2.o)
    0x0800016a   0x0800016a   0x00000000   Code   RO         3323    .ARM.Collect$$libinit$$0000001F  c_w.l(libinit2.o)
    0x0800016a   0x0800016a   0x00000000   Code   RO         3325    .ARM.Collect$$libinit$$00000021  c_w.l(libinit2.o)
    0x0800016a   0x0800016a   0x00000000   Code   RO         3327    .ARM.Collect$$libinit$$00000023  c_w.l(libinit2.o)
    0x0800016a   0x0800016a   0x00000000   Code   RO         3329    .ARM.Collect$$libinit$$00000025  c_w.l(libinit2.o)
    0x0800016a   0x0800016a   0x00000000   Code   RO         3333    .ARM.Collect$$libinit$$0000002C  c_w.l(libinit2.o)
    0x0800016a   0x0800016a   0x00000000   Code   RO         3335    .ARM.Collect$$libinit$$0000002E  c_w.l(libinit2.o)
    0x0800016a   0x0800016a   0x00000000   Code   RO         3337    .ARM.Collect$$libinit$$00000030  c_w.l(libinit2.o)
    0x0800016a   0x0800016a   0x00000000   Code   RO         3339    .ARM.Collect$$libinit$$00000032  c_w.l(libinit2.o)
    0x0800016a   0x0800016a   0x00000002   Code   RO         3340    .ARM.Collect$$libinit$$00000033  c_w.l(libinit2.o)
    0x0800016c   0x0800016c   0x00000002   Code   RO         3462    .ARM.Collect$$libshutdown$$00000000  c_w.l(libshutdown.o)
    0x0800016e   0x0800016e   0x00000000   Code   RO         3418    .ARM.Collect$$libshutdown$$00000002  c_w.l(libshutdown2.o)
    0x0800016e   0x0800016e   0x00000000   Code   RO         3420    .ARM.Collect$$libshutdown$$00000004  c_w.l(libshutdown2.o)
    0x0800016e   0x0800016e   0x00000000   Code   RO         3423    .ARM.Collect$$libshutdown$$00000007  c_w.l(libshutdown2.o)
    0x0800016e   0x0800016e   0x00000000   Code   RO         3426    .ARM.Collect$$libshutdown$$0000000A  c_w.l(libshutdown2.o)
    0x0800016e   0x0800016e   0x00000000   Code   RO         3428    .ARM.Collect$$libshutdown$$0000000C  c_w.l(libshutdown2.o)
    0x0800016e   0x0800016e   0x00000000   Code   RO         3431    .ARM.Collect$$libshutdown$$0000000F  c_w.l(libshutdown2.o)
    0x0800016e   0x0800016e   0x00000002   Code   RO         3432    .ARM.Collect$$libshutdown$$00000010  c_w.l(libshutdown2.o)
    0x08000170   0x08000170   0x00000000   Code   RO         3266    .ARM.Collect$$rtentry$$00000000  c_w.l(__rtentry.o)
    0x08000170   0x08000170   0x00000000   Code   RO         3347    .ARM.Collect$$rtentry$$00000002  c_w.l(__rtentry2.o)
    0x08000170   0x08000170   0x00000006   Code   RO         3359    .ARM.Collect$$rtentry$$00000004  c_w.l(__rtentry4.o)
    0x08000176   0x08000176   0x00000000   Code   RO         3349    .ARM.Collect$$rtentry$$00000009  c_w.l(__rtentry2.o)
    0x08000176   0x08000176   0x00000004   Code   RO         3350    .ARM.Collect$$rtentry$$0000000A  c_w.l(__rtentry2.o)
    0x0800017a   0x0800017a   0x00000000   Code   RO         3352    .ARM.Collect$$rtentry$$0000000C  c_w.l(__rtentry2.o)
    0x0800017a   0x0800017a   0x00000008   Code   RO         3353    .ARM.Collect$$rtentry$$0000000D  c_w.l(__rtentry2.o)
    0x08000182   0x08000182   0x00000002   Code   RO         3407    .ARM.Collect$$rtexit$$00000000  c_w.l(rtexit.o)
    0x08000184   0x08000184   0x00000000   Code   RO         3436    .ARM.Collect$$rtexit$$00000002  c_w.l(rtexit2.o)
    0x08000184   0x08000184   0x00000004   Code   RO         3437    .ARM.Collect$$rtexit$$00000003  c_w.l(rtexit2.o)
    0x08000188   0x08000188   0x00000006   Code   RO         3438    .ARM.Collect$$rtexit$$00000004  c_w.l(rtexit2.o)
    0x0800018e   0x0800018e   0x00000002   PAD
    0x08000190   0x08000190   0x00000000   Code   RO         3363    .emb_text           c_w.l(maybetermalloc1.o)
    0x08000190   0x08000190   0x00000040   Code   RO            4    .text               startup_stm32f103xb.o
    0x080001d0   0x080001d0   0x0000005e   Code   RO         3198    .text               c_w.l(h1_alloc.o)
    0x0800022e   0x0800022e   0x0000004e   Code   RO         3200    .text               c_w.l(h1_free.o)
    0x0800027c   0x0800027c   0x0000004e   Code   RO         3258    .text               c_w.l(rt_memclr_w.o)
    0x080002ca   0x080002ca   0x00000006   Code   RO         3260    .text               c_w.l(heapauxi.o)
    0x080002d0   0x080002d0   0x00000008   Code   RO         3270    .text               c_w.l(rt_heap_descriptor_intlibspace.o)
    0x080002d8   0x080002d8   0x00000004   Code   RO         3272    .text               c_w.l(hguard.o)
    0x080002dc   0x080002dc   0x0000008a   Code   RO         3274    .text               c_w.l(init_alloc.o)
    0x08000366   0x08000366   0x0000000e   Code   RO         3278    .text               c_w.l(h1_init.o)
    0x08000374   0x08000374   0x00000008   Code   RO         3343    .text               c_w.l(libspace.o)
    0x0800037c   0x0800037c   0x00000034   Code   RO         3365    .text               c_w.l(h1_extend.o)
    0x080003b0   0x080003b0   0x0000000e   Code   RO         3369    .text               c_w.l(defsig_rtmem_outer.o)
    0x080003be   0x080003be   0x00000002   Code   RO         3380    .text               c_w.l(use_no_semi.o)
    0x080003c0   0x080003c0   0x00000000   Code   RO         3382    .text               c_w.l(indicate_semi.o)
    0x080003c0   0x080003c0   0x0000004a   Code   RO         3383    .text               c_w.l(sys_stackheap_outer.o)
    0x0800040a   0x0800040a   0x00000012   Code   RO         3389    .text               c_w.l(exit.o)
    0x0800041c   0x0800041c   0x0000000a   Code   RO         3391    .text               c_w.l(defsig_exit.o)
    0x08000426   0x08000426   0x00000002   PAD
    0x08000428   0x08000428   0x00000050   Code   RO         3393    .text               c_w.l(defsig_rtmem_inner.o)
    0x08000478   0x08000478   0x0000000c   Code   RO         3405    .text               c_w.l(sys_exit.o)
    0x08000484   0x08000484   0x00000032   Code   RO         3415    .text               c_w.l(defsig_general.o)
    0x080004b6   0x080004b6   0x0000000e   Code   RO         3433    .text               c_w.l(sys_wrch.o)
    0x080004c4   0x080004c4   0x0000005e   Code   RO         3040    i.Arm_FrontServo_Set  mechanical_arm.o
    0x08000522   0x08000522   0x00000024   Code   RO         3041    i.Arm_Init          mechanical_arm.o
    0x08000546   0x08000546   0x0000005e   Code   RO         3042    i.Arm_LeftServo_Set  mechanical_arm.o
    0x080005a4   0x080005a4   0x0000002e   Code   RO         3043    i.Arm_RedMode_Ctrl_Set  mechanical_arm.o
    0x080005d2   0x080005d2   0x00000016   Code   RO         3044    i.Arm_RedMode_Ctrl_Start  mechanical_arm.o
    0x080005e8   0x080005e8   0x0000005e   Code   RO         3045    i.Arm_RightServo_Set  mechanical_arm.o
    0x08000646   0x08000646   0x00000002   Code   RO          384    i.BusFault_Handler  stm32f1xx_it.o
    0x08000648   0x08000648   0x00000018   Code   RO         3103    i.Chassis_Init      chassis.o
    0x08000660   0x08000660   0x000000f2   Code   RO         3104    i.Chassis_RedMode_Ctrl_Set  chassis.o
    0x08000752   0x08000752   0x0000002c   Code   RO         3105    i.Chassis_RedMode_Ctrl_Start  chassis.o
    0x0800077e   0x0800077e   0x00000002   Code   RO          385    i.DebugMon_Handler  stm32f1xx_it.o
    0x08000780   0x08000780   0x0000003c   Code   RO         2829    i.Delay_us          remote.o
    0x080007bc   0x080007bc   0x00000004   Code   RO           13    i.Error_Handler     main.o
    0x080007c0   0x080007c0   0x000001e0   Code   RO         1158    i.HAL_GPIO_Init     stm32f1xx_hal_gpio.o
    0x080009a0   0x080009a0   0x0000000a   Code   RO         1162    i.HAL_GPIO_WritePin  stm32f1xx_hal_gpio.o
    0x080009aa   0x080009aa   0x00000002   PAD
    0x080009ac   0x080009ac   0x0000000c   Code   RO          852    i.HAL_GetTick       stm32f1xx_hal.o
    0x080009b8   0x080009b8   0x00000010   Code   RO          858    i.HAL_IncTick       stm32f1xx_hal.o
    0x080009c8   0x080009c8   0x00000024   Code   RO          859    i.HAL_Init          stm32f1xx_hal.o
    0x080009ec   0x080009ec   0x00000040   Code   RO          860    i.HAL_InitTick      stm32f1xx_hal.o
    0x08000a2c   0x08000a2c   0x0000003c   Code   RO          459    i.HAL_MspInit       stm32f1xx_hal_msp.o
    0x08000a68   0x08000a68   0x00000040   Code   RO         1324    i.HAL_NVIC_SetPriority  stm32f1xx_hal_cortex.o
    0x08000aa8   0x08000aa8   0x00000024   Code   RO         1325    i.HAL_NVIC_SetPriorityGrouping  stm32f1xx_hal_cortex.o
    0x08000acc   0x08000acc   0x0000012c   Code   RO         1016    i.HAL_RCC_ClockConfig  stm32f1xx_hal_rcc.o
    0x08000bf8   0x08000bf8   0x0000004c   Code   RO         1025    i.HAL_RCC_GetSysClockFreq  stm32f1xx_hal_rcc.o
    0x08000c44   0x08000c44   0x00000320   Code   RO         1028    i.HAL_RCC_OscConfig  stm32f1xx_hal_rcc.o
    0x08000f64   0x08000f64   0x000000b2   Code   RO          530    i.HAL_SPI_Init      stm32f1xx_hal_spi.o
    0x08001016   0x08001016   0x00000002   PAD
    0x08001018   0x08001018   0x00000070   Code   RO          277    i.HAL_SPI_MspInit   spi.o
    0x08001088   0x08001088   0x000001f0   Code   RO          539    i.HAL_SPI_TransmitReceive  stm32f1xx_hal_spi.o
    0x08001278   0x08001278   0x00000028   Code   RO         1329    i.HAL_SYSTICK_Config  stm32f1xx_hal_cortex.o
    0x080012a0   0x080012a0   0x00000068   Code   RO         2543    i.HAL_TIMEx_MasterConfigSynchronization  stm32f1xx_hal_tim_ex.o
    0x08001308   0x08001308   0x0000005a   Code   RO         1820    i.HAL_TIM_Base_Init  stm32f1xx_hal_tim.o
    0x08001362   0x08001362   0x00000002   PAD
    0x08001364   0x08001364   0x00000070   Code   RO          319    i.HAL_TIM_Base_MspInit  tim.o
    0x080013d4   0x080013d4   0x000000dc   Code   RO         1829    i.HAL_TIM_ConfigClockSource  stm32f1xx_hal_tim.o
    0x080014b0   0x080014b0   0x000000b4   Code   RO          320    i.HAL_TIM_MspPostInit  tim.o
    0x08001564   0x08001564   0x000000cc   Code   RO         1892    i.HAL_TIM_PWM_ConfigChannel  stm32f1xx_hal_tim.o
    0x08001630   0x08001630   0x0000005a   Code   RO         1895    i.HAL_TIM_PWM_Init  stm32f1xx_hal_tim.o
    0x0800168a   0x0800168a   0x00000002   Code   RO         1897    i.HAL_TIM_PWM_MspInit  stm32f1xx_hal_tim.o
    0x0800168c   0x0800168c   0x0000009c   Code   RO         1900    i.HAL_TIM_PWM_Start  stm32f1xx_hal_tim.o
    0x08001728   0x08001728   0x00000070   Code   RO         1903    i.HAL_TIM_PWM_Stop  stm32f1xx_hal_tim.o
    0x08001798   0x08001798   0x00000002   Code   RO          386    i.HardFault_Handler  stm32f1xx_it.o
    0x0800179a   0x0800179a   0x00000002   PAD
    0x0800179c   0x0800179c   0x0000006c   Code   RO          168    i.MX_GPIO_Init      gpio.o
    0x08001808   0x08001808   0x00000048   Code   RO          278    i.MX_SPI1_Init      spi.o
    0x08001850   0x08001850   0x00000068   Code   RO          321    i.MX_TIM1_Init      tim.o
    0x080018b8   0x080018b8   0x000000c8   Code   RO          322    i.MX_TIM2_Init      tim.o
    0x08001980   0x08001980   0x000000cc   Code   RO          323    i.MX_TIM3_Init      tim.o
    0x08001a4c   0x08001a4c   0x000000cc   Code   RO          324    i.MX_TIM4_Init      tim.o
    0x08001b18   0x08001b18   0x00000002   Code   RO          387    i.MemManage_Handler  stm32f1xx_it.o
    0x08001b1a   0x08001b1a   0x00000002   PAD
    0x08001b1c   0x08001b1c   0x00000068   Code   RO         3154    i.Module_Init       module_ctrl.o
    0x08001b84   0x08001b84   0x00000028   Code   RO         3155    i.Module_Start      module_ctrl.o
    0x08001bac   0x08001bac   0x00000018   Code   RO         2895    i.Motor_Init        motor.o
    0x08001bc4   0x08001bc4   0x00000040   Code   RO         2896    i.Motor_Rev_Backward_Set  motor.o
    0x08001c04   0x08001c04   0x00000030   Code   RO         2897    i.Motor_Rev_Backward_Start  motor.o
    0x08001c34   0x08001c34   0x00000064   Code   RO         2898    i.Motor_Rev_Backward_Stop  motor.o
    0x08001c98   0x08001c98   0x00000040   Code   RO         2899    i.Motor_Rev_Forward_Set  motor.o
    0x08001cd8   0x08001cd8   0x00000030   Code   RO         2900    i.Motor_Rev_Forward_Start  motor.o
    0x08001d08   0x08001d08   0x00000064   Code   RO         2901    i.Motor_Rev_Forward_Stop  motor.o
    0x08001d6c   0x08001d6c   0x0000003c   Code   RO         2902    i.Motor_Rev_Zero_Set  motor.o
    0x08001da8   0x08001da8   0x00000002   Code   RO          388    i.NMI_Handler       stm32f1xx_it.o
    0x08001daa   0x08001daa   0x00000002   Code   RO          389    i.PendSV_Handler    stm32f1xx_it.o
    0x08001dac   0x08001dac   0x00000018   Code   RO         2830    i.RemoteJoystick_Info_Init  remote.o
    0x08001dc4   0x08001dc4   0x0000007c   Code   RO         2831    i.RemoteKey_Info_Init  remote.o
    0x08001e40   0x08001e40   0x000000ac   Code   RO         2832    i.Remote_Communi_Start  remote.o
    0x08001eec   0x08001eec   0x00000014   Code   RO         2833    i.Remote_Info_Init  remote.o
    0x08001f00   0x08001f00   0x0000000c   Code   RO         2834    i.Remote_Init       remote.o
    0x08001f0c   0x08001f0c   0x00000034   Code   RO          568    i.SPI_EndRxTxTransaction  stm32f1xx_hal_spi.o
    0x08001f40   0x08001f40   0x000000b8   Code   RO          573    i.SPI_WaitFlagStateUntilTimeout  stm32f1xx_hal_spi.o
    0x08001ff8   0x08001ff8   0x00000002   Code   RO          390    i.SVC_Handler       stm32f1xx_it.o
    0x08001ffa   0x08001ffa   0x00000002   PAD
    0x08001ffc   0x08001ffc   0x0000000c   Code   RO         2964    i.Servo_BOTTOM_Degr_Set  servo.o
    0x08002008   0x08002008   0x00000014   Code   RO         2965    i.Servo_BOTTOM_Start  servo.o
    0x0800201c   0x0800201c   0x0000000c   Code   RO         2966    i.Servo_FRONT_Degr_Set  servo.o
    0x08002028   0x08002028   0x00000024   Code   RO         2968    i.Servo_Init        servo.o
    0x0800204c   0x0800204c   0x0000000c   Code   RO         2969    i.Servo_LEFT_Degr_Set  servo.o
    0x08002058   0x08002058   0x00000014   Code   RO         2970    i.Servo_LEFT_Start  servo.o
    0x0800206c   0x0800206c   0x0000000c   Code   RO         2971    i.Servo_RIGHT_Degr_Set  servo.o
    0x08002078   0x08002078   0x00000014   Code   RO         2972    i.Servo_RIGHT_Start  servo.o
    0x0800208c   0x0800208c   0x00000004   Code   RO          391    i.SysTick_Handler   stm32f1xx_it.o
    0x08002090   0x08002090   0x0000005e   Code   RO           14    i.SystemClock_Config  main.o
    0x080020ee   0x080020ee   0x00000002   Code   RO         2792    i.SystemInit        system_stm32f1xx.o
    0x080020f0   0x080020f0   0x00000078   Code   RO         1913    i.TIM_Base_SetConfig  stm32f1xx_hal_tim.o
    0x08002168   0x08002168   0x0000001a   Code   RO         1914    i.TIM_CCxChannelCmd  stm32f1xx_hal_tim.o
    0x08002182   0x08002182   0x00000014   Code   RO         1924    i.TIM_ETR_SetConfig  stm32f1xx_hal_tim.o
    0x08002196   0x08002196   0x00000010   Code   RO         1925    i.TIM_ITRx_SetConfig  stm32f1xx_hal_tim.o
    0x080021a6   0x080021a6   0x00000002   PAD
    0x080021a8   0x080021a8   0x00000050   Code   RO         1926    i.TIM_OC1_SetConfig  stm32f1xx_hal_tim.o
    0x080021f8   0x080021f8   0x00000058   Code   RO         1927    i.TIM_OC2_SetConfig  stm32f1xx_hal_tim.o
    0x08002250   0x08002250   0x00000058   Code   RO         1928    i.TIM_OC3_SetConfig  stm32f1xx_hal_tim.o
    0x080022a8   0x080022a8   0x00000044   Code   RO         1929    i.TIM_OC4_SetConfig  stm32f1xx_hal_tim.o
    0x080022ec   0x080022ec   0x00000022   Code   RO         1931    i.TIM_TI1_ConfigInputStage  stm32f1xx_hal_tim.o
    0x0800230e   0x0800230e   0x00000024   Code   RO         1933    i.TIM_TI2_ConfigInputStage  stm32f1xx_hal_tim.o
    0x08002332   0x08002332   0x00000002   Code   RO          392    i.UsageFault_Handler  stm32f1xx_it.o
    0x08002334   0x08002334   0x00000020   Code   RO         1331    i.__NVIC_SetPriority  stm32f1xx_hal_cortex.o
    0x08002354   0x08002354   0x00000044   Code   RO           15    i.main              main.o
    0x08002398   0x08002398   0x00000012   Data   RO         1029    .constdata          stm32f1xx_hal_rcc.o
    0x080023aa   0x080023aa   0x00000010   Data   RO         2793    .constdata          system_stm32f1xx.o
    0x080023ba   0x080023ba   0x00000002   PAD
    0x080023bc   0x080023bc   0x00000020   Data   RO         3463    Region$$Table       anon$$obj.o


    Execution Region RW_IRAM1 (Exec base: 0x20000000, Load base: 0x080023dc, Size: 0x00000828, Max: 0x00005000, ABSOLUTE)

    Exec Addr    Load Addr    Size         Type   Attr      Idx    E Section Name        Object

    0x20000000   0x080023dc   0x0000000c   Data   RW          866    .data               stm32f1xx_hal.o
    0x2000000c   0x080023e8   0x00000004   Data   RW         2795    .data               system_stm32f1xx.o
    0x20000010   0x080023ec   0x0000000c   Data   RW         2836    .data               remote.o
    0x2000001c   0x080023f8   0x00000004   Data   RW         2837    .data               remote.o
    0x20000020   0x080023fc   0x00000011   Data   RW         2838    .data               remote.o
    0x20000031   0x0800240d   0x00000003   PAD
    0x20000034   0x08002410   0x00000008   Data   RW         2839    .data               remote.o
    0x2000003c   0x08002418   0x00000004   Data   RW         3156    .data               module_ctrl.o
    0x20000040        -       0x00000058   Zero   RW          279    .bss                spi.o
    0x20000098        -       0x00000120   Zero   RW          325    .bss                tim.o
    0x200001b8        -       0x00000009   Zero   RW         2835    .bss                remote.o
    0x200001c1   0x0800241c   0x00000003   PAD
    0x200001c4        -       0x00000060   Zero   RW         3344    .bss                c_w.l(libspace.o)
    0x20000224   0x0800241c   0x00000004   PAD
    0x20000228        -       0x00000200   Zero   RW            2    HEAP                startup_stm32f103xb.o
    0x20000428        -       0x00000400   Zero   RW            1    STACK               startup_stm32f103xb.o


==============================================================================

Image component sizes


      Code (inc. data)   RO Data    RW Data    ZI Data      Debug   Object Name

       310          0          0          0          0       3047   chassis.o
       108         10          0          0          0     419639   gpio.o
       166          8          0          0          0     419569   main.o
       386          0          0          0          0       4709   mechanical_arm.o
       144          6          0          4          0       2162   module_ctrl.o
       508         80          0          0          0       5255   motor.o
       412         36          0         41          9       5154   remote.o
       144         34          0          0          0       5305   servo.o
       184         22          0          0         88       1565   spi.o
        64         26        236          0       1536        792   startup_stm32f103xb.o
       128         24          0         12          0       5145   stm32f1xx_hal.o
       172         14          0          0          0      28178   stm32f1xx_hal_cortex.o
       490         34          0          0          0       2820   stm32f1xx_hal_gpio.o
        60          8          0          0          0        830   stm32f1xx_hal_msp.o
      1176         60         18          0          0       3902   stm32f1xx_hal_rcc.o
       910          4          0          0          0       4557   stm32f1xx_hal_spi.o
      1450         48          0          0          0      12675   stm32f1xx_hal_tim.o
       104         12          0          0          0       1312   stm32f1xx_hal_tim_ex.o
        20          0          0          0          0       3674   stm32f1xx_it.o
         2          0         16          4          0       1047   system_stm32f1xx.o
      1004         72          0          0        288       4583   tim.o

    ----------------------------------------------------------------------
      7956        498        304         64       1924     935920   Object Totals
         0          0         32          0          0          0   (incl. Generated)
        14          0          2          3          3          0   (incl. Padding)

    ----------------------------------------------------------------------

      Code (inc. data)   RO Data    RW Data    ZI Data      Debug   Library Member Name

         8          0          0          0          0         68   __main.o
         0          0          0          0          0          0   __rtentry.o
        12          0          0          0          0          0   __rtentry2.o
         6          0          0          0          0          0   __rtentry4.o
        52          8          0          0          0          0   __scatter.o
        26          0          0          0          0          0   __scatter_copy.o
        28          0          0          0          0          0   __scatter_zi.o
        10          0          0          0          0         68   defsig_exit.o
        50          0          0          0          0         88   defsig_general.o
        80         58          0          0          0         76   defsig_rtmem_inner.o
        14          0          0          0          0         80   defsig_rtmem_outer.o
        18          0          0          0          0         80   exit.o
        94          0          0          0          0         80   h1_alloc.o
        52          0          0          0          0         68   h1_extend.o
        78          0          0          0          0         80   h1_free.o
        14          0          0          0          0         84   h1_init.o
         6          0          0          0          0        152   heapauxi.o
         4          0          0          0          0        136   hguard.o
         0          0          0          0          0          0   indicate_semi.o
       138          0          0          0          0        168   init_alloc.o
         2          0          0          0          0          0   libinit.o
        10          0          0          0          0          0   libinit2.o
         2          0          0          0          0          0   libshutdown.o
         2          0          0          0          0          0   libshutdown2.o
         8          4          0          0         96         68   libspace.o
         0          0          0          0          0          0   maybetermalloc1.o
         8          4          0          0          0         68   rt_heap_descriptor_intlibspace.o
        78          0          0          0          0         80   rt_memclr_w.o
         2          0          0          0          0          0   rtexit.o
        10          0          0          0          0          0   rtexit2.o
        12          4          0          0          0         68   sys_exit.o
        74          0          0          0          0         80   sys_stackheap_outer.o
        14          0          0          0          0         76   sys_wrch.o
         2          0          0          0          0         68   use_no_semi.o

    ----------------------------------------------------------------------
       920         78          0          0        100       1736   Library Totals
         6          0          0          0          4          0   (incl. Padding)

    ----------------------------------------------------------------------

      Code (inc. data)   RO Data    RW Data    ZI Data      Debug   Library Name

       914         78          0          0         96       1736   c_w.l

    ----------------------------------------------------------------------
       920         78          0          0        100       1736   Library Totals

    ----------------------------------------------------------------------

==============================================================================


      Code (inc. data)   RO Data    RW Data    ZI Data      Debug   

      8876        576        304         64       2024     932296   Grand Totals
      8876        576        304         64       2024     932296   ELF Image Totals
      8876        576        304         64          0          0   ROM Totals

==============================================================================

    Total RO  Size (Code + RO Data)                 9180 (   8.96kB)
    Total RW  Size (RW Data + ZI Data)              2088 (   2.04kB)
    Total ROM Size (Code + RO Data + RW Data)       9244 (   9.03kB)

==============================================================================

